21:35:31 **** Build of project microblaze_bsp ****
make -k all 
Running Make include in microblaze_0/libsrc/cpu_v2_6/src
Running Make include in microblaze_0/libsrc/standalone_v6_5/src
make -C microblaze_0/libsrc/cpu_v2_6/src -s include  "SHELL=/bin/sh" "COMPILER=mb-gcc" "ARCHIVER=mb-ar" "COMPILER_FLAGS= -O2 -c -mcpu=v10.0 -mlittle-endian -mxl-soft-mul" "EXTRA_COMPILER_FLAGS=-ffunction-sections -fdata-sections -Wall -Wextra"
Running Make include in microblaze_0/libsrc/uartlite_v3_2/src
make -C microblaze_0/libsrc/standalone_v6_5/src -s include  "SHELL=/bin/sh" "COMPILER=mb-gcc" "ARCHIVER=mb-ar" "COMPILER_FLAGS= -O2 -c -mcpu=v10.0 -mlittle-endian -mxl-soft-mul" "EXTRA_COMPILER_FLAGS=-ffunction-sections -fdata-sections -Wall -Wextra"
make -C microblaze_0/libsrc/uartlite_v3_2/src -s include  "SHELL=/bin/sh" "COMPILER=mb-gcc" "ARCHIVER=mb-ar" "COMPILER_FLAGS= -O2 -c -mcpu=v10.0 -mlittle-endian -mxl-soft-mul" "EXTRA_COMPILER_FLAGS=-ffunction-sections -fdata-sections -Wall -Wextra"
Running Make include in microblaze_0/libsrc/bram_v4_2/src
make -C microblaze_0/libsrc/bram_v4_2/src -s include  "SHELL=/bin/sh" "COMPILER=mb-gcc" "ARCHIVER=mb-ar" "COMPILER_FLAGS= -O2 -c -mcpu=v10.0 -mlittle-endian -mxl-soft-mul" "EXTRA_COMPILER_FLAGS=-ffunction-sections -fdata-sections -Wall -Wextra"
Running Make include in microblaze_0/libsrc/intc_v3_7/src
make -C microblaze_0/libsrc/intc_v3_7/src -s include  "SHELL=/bin/sh" "COMPILER=mb-gcc" "ARCHIVER=mb-ar" "COMPILER_FLAGS= -O2 -c -mcpu=v10.0 -mlittle-endian -mxl-soft-mul" "EXTRA_COMPILER_FLAGS=-ffunction-sections -fdata-sections -Wall -Wextra"
Running Make libs in microblaze_0/libsrc/standalone_v6_5/src
make -C microblaze_0/libsrc/standalone_v6_5/src -s libs  "SHELL=/bin/sh" "COMPILER=mb-gcc" "ARCHIVER=mb-ar" "COMPILER_FLAGS= -O2 -c -mcpu=v10.0 -mlittle-endian -mxl-soft-mul" "EXTRA_COMPILER_FLAGS=-ffunction-sections -fdata-sections -Wall -Wextra"
Running Make libs in microblaze_0/libsrc/cpu_v2_6/src
make -C microblaze_0/libsrc/cpu_v2_6/src -s libs  "SHELL=/bin/sh" "COMPILER=mb-gcc" "ARCHIVER=mb-ar" "COMPILER_FLAGS= -O2 -c -mcpu=v10.0 -mlittle-endian -mxl-soft-mul" "EXTRA_COMPILER_FLAGS=-ffunction-sections -fdata-sections -Wall -Wextra"
Running Make libs in microblaze_0/libsrc/uartlite_v3_2/src
make -C microblaze_0/libsrc/uartlite_v3_2/src -s libs  "SHELL=/bin/sh" "COMPILER=mb-gcc" "ARCHIVER=mb-ar" "COMPILER_FLAGS= -O2 -c -mcpu=v10.0 -mlittle-endian -mxl-soft-mul" "EXTRA_COMPILER_FLAGS=-ffunction-sections -fdata-sections -Wall -Wextra"
Running Make libs in microblaze_0/libsrc/bram_v4_2/src
make -C microblaze_0/libsrc/bram_v4_2/src -s libs  "SHELL=/bin/sh" "COMPILER=mb-gcc" "ARCHIVER=mb-ar" "COMPILER_FLAGS= -O2 -c -mcpu=v10.0 -mlittle-endian -mxl-soft-mul" "EXTRA_COMPILER_FLAGS=-ffunction-sections -fdata-sections -Wall -Wextra"
Compiling standalone
Compiling cpu
Compiling uartlite
Compiling bram
mb-ar: creating ../../../lib/libxil.a
make[2]: warning: jobserver unavailable: using -j1.  Add '+' to parent make rule.
Running Make libs in microblaze_0/libsrc/intc_v3_7/src
make -C microblaze_0/libsrc/intc_v3_7/src -s libs  "SHELL=/bin/sh" "COMPILER=mb-gcc" "ARCHIVER=mb-ar" "COMPILER_FLAGS= -O2 -c -mcpu=v10.0 -mlittle-endian -mxl-soft-mul" "EXTRA_COMPILER_FLAGS=-ffunction-sections -fdata-sections -Wall -Wextra"
Compiling intc
make[2]: warning: jobserver unavailable: using -j1.  Add '+' to parent make rule.
make[2]: warning: jobserver unavailable: using -j1.  Add '+' to parent make rule.
make[2]: warning: jobserver unavailable: using -j1.  Add '+' to parent make rule.
Finished building libraries
21:35:33 **** Build of configuration Debug for project microblaze ****
make all 
Building file: ../src/helloworld.c
Building file: ../src/platform.c
Invoking: MicroBlaze gcc compiler
Invoking: MicroBlaze gcc compiler
mb-gcc -Wall -O0 -g3 -c -fmessage-length=0 -MT"src/platform.o" -I../../microblaze_bsp/microblaze_0/include -mlittle-endian -mcpu=v10.0 -mxl-soft-mul -Wl,--no-relax -ffunction-sections -fdata-sections -MMD -MP -MF"src/platform.d" -MT"src/platform.o" -o "src/platform.o" "../src/platform.c"
mb-gcc -Wall -O0 -g3 -c -fmessage-length=0 -MT"src/helloworld.o" -I../../microblaze_bsp/microblaze_0/include -mlittle-endian -mcpu=v10.0 -mxl-soft-mul -Wl,--no-relax -ffunction-sections -fdata-sections -MMD -MP -MF"src/helloworld.d" -MT"src/helloworld.o" -o "src/helloworld.o" "../src/helloworld.c"
Finished building: ../src/platform.c
 
Finished building: ../src/helloworld.c
 
Building target: microblaze.elf
Invoking: MicroBlaze gcc linker
mb-gcc -Wl,-T -Wl,../src/lscript.ld -L../../microblaze_bsp/microblaze_0/lib -mlittle-endian -mcpu=v10.0 -mxl-soft-mul -Wl,--no-relax -Wl,--gc-sections -o "microblaze.elf"  ./src/helloworld.o ./src/platform.o   -Wl,--start-group,-lxil,-lgcc,-lc,--end-group
Finished building target: microblaze.elf
 
Invoking: MicroBlaze Print Size
mb-size microblaze.elf  |tee "microblaze.elf.size"
   text	   data	    bss	    dec	    hex	filename
   3144	    308	   3108	   6560	   19a0	microblaze.elf
Finished building: microblaze.elf.size
 
21:37:00 **** Auto Build of configuration Debug for project microblaze ****
make all 
Building file: ../src/helloworld.c
Invoking: MicroBlaze gcc compiler
mb-gcc -Wall -O0 -g3 -c -fmessage-length=0 -MT"src/helloworld.o" -I../../microblaze_bsp/microblaze_0/include -mlittle-endian -mcpu=v10.0 -mxl-soft-mul -Wl,--no-relax -ffunction-sections -fdata-sections -MMD -MP -MF"src/helloworld.d" -MT"src/helloworld.o" -o "src/helloworld.o" "../src/helloworld.c"
Finished building: ../src/helloworld.c
 
Building target: microblaze.elf
Invoking: MicroBlaze gcc linker
mb-gcc -Wl,-T -Wl,../src/lscript.ld -L../../microblaze_bsp/microblaze_0/lib -mlittle-endian -mcpu=v10.0 -mxl-soft-mul -Wl,--no-relax -Wl,--gc-sections -o "microblaze.elf"  ./src/helloworld.o ./src/platform.o   -Wl,--start-group,-lxil,-lgcc,-lc,--end-group
Finished building target: microblaze.elf
 
Invoking: MicroBlaze Print Size
mb-size microblaze.elf  |tee "microblaze.elf.size"
   text	   data	    bss	    dec	    hex	filename
   8740	    312	   3108	  12160	   2f80	microblaze.elf
Finished building: microblaze.elf.size
 
21:40:10 **** Auto Build of configuration Debug for project microblaze ****
make all 
Building file: ../src/helloworld.c
Invoking: MicroBlaze gcc compiler
mb-gcc -Wall -O0 -g3 -c -fmessage-length=0 -MT"src/helloworld.o" -I../../microblaze_bsp/microblaze_0/include -mlittle-endian -mcpu=v10.0 -mxl-soft-mul -Wl,--no-relax -ffunction-sections -fdata-sections -MMD -MP -MF"src/helloworld.d" -MT"src/helloworld.o" -o "src/helloworld.o" "../src/helloworld.c"
Finished building: ../src/helloworld.c
 
Building target: microblaze.elf
Invoking: MicroBlaze gcc linker
mb-gcc -Wl,-T -Wl,../src/lscript.ld -L../../microblaze_bsp/microblaze_0/lib -mlittle-endian -mcpu=v10.0 -mxl-soft-mul -Wl,--no-relax -Wl,--gc-sections -o "microblaze.elf"  ./src/helloworld.o ./src/platform.o   -Wl,--start-group,-lxil,-lgcc,-lc,--end-group
Finished building target: microblaze.elf
 
Invoking: MicroBlaze Print Size
mb-size microblaze.elf  |tee "microblaze.elf.size"
   text	   data	    bss	    dec	    hex	filename
   8740	    312	   3108	  12160	   2f80	microblaze.elf
Finished building: microblaze.elf.size
 
21:40:25 **** Auto Build of configuration Debug for project microblaze ****
make all 
Building file: ../src/helloworld.c
Invoking: MicroBlaze gcc compiler
mb-gcc -Wall -O0 -g3 -c -fmessage-length=0 -MT"src/helloworld.o" -I../../microblaze_bsp/microblaze_0/include -mlittle-endian -mcpu=v10.0 -mxl-soft-mul -Wl,--no-relax -ffunction-sections -fdata-sections -MMD -MP -MF"src/helloworld.d" -MT"src/helloworld.o" -o "src/helloworld.o" "../src/helloworld.c"
Finished building: ../src/helloworld.c
 
Building target: microblaze.elf
Invoking: MicroBlaze gcc linker
mb-gcc -Wl,-T -Wl,../src/lscript.ld -L../../microblaze_bsp/microblaze_0/lib -mlittle-endian -mcpu=v10.0 -mxl-soft-mul -Wl,--no-relax -Wl,--gc-sections -o "microblaze.elf"  ./src/helloworld.o ./src/platform.o   -Wl,--start-group,-lxil,-lgcc,-lc,--end-group
Finished building target: microblaze.elf
 
Invoking: MicroBlaze Print Size
mb-size microblaze.elf  |tee "microblaze.elf.size"
   text	   data	    bss	    dec	    hex	filename
   8740	    312	   3108	  12160	   2f80	microblaze.elf
Finished building: microblaze.elf.size
 
21:41:00 **** Auto Build of configuration Debug for project microblaze ****
make all 
Building file: ../src/helloworld.c
Invoking: MicroBlaze gcc compiler
mb-gcc -Wall -O0 -g3 -c -fmessage-length=0 -MT"src/helloworld.o" -I../../microblaze_bsp/microblaze_0/include -mlittle-endian -mcpu=v10.0 -mxl-soft-mul -Wl,--no-relax -ffunction-sections -fdata-sections -MMD -MP -MF"src/helloworld.d" -MT"src/helloworld.o" -o "src/helloworld.o" "../src/helloworld.c"
../src/helloworld.c: In function 'main':
../src/helloworld.c:66:52: warning: excess elements in array initializer
     unsigned int X[CONSTANT_M][CONSTANT_N] = {{1,2,5},{1,3,6},{1,4,7}};
                                                    ^
../src/helloworld.c:66:52: note: (near initialization for 'X[0]')
../src/helloworld.c:66:60: warning: excess elements in array initializer
     unsigned int X[CONSTANT_M][CONSTANT_N] = {{1,2,5},{1,3,6},{1,4,7}};
                                                            ^
../src/helloworld.c:66:60: note: (near initialization for 'X[1]')
../src/helloworld.c:66:68: warning: excess elements in array initializer
     unsigned int X[CONSTANT_M][CONSTANT_N] = {{1,2,5},{1,3,6},{1,4,7}};
                                                                    ^
../src/helloworld.c:66:68: note: (near initialization for 'X[2]')
../src/helloworld.c:74:34: error: expected expression before ';' token
     for (unsigned int i = 0; i < ; i++) {
                                  ^
../src/helloworld.c:75:34: error: 'j' undeclared (first use in this function)
         for (unsigned int j = 0; j < n; j++) {
                                  ^
../src/helloworld.c:75:34: note: each undeclared identifier is reported only once for each function it appears in
../src/helloworld.c:75:38: error: 'n' undeclared (first use in this function)
         for (unsigned int j = 0; j < n; j++) {
                                      ^
../src/helloworld.c:83:31: error: 'm' undeclared (first use in this function)
  for (unsigned int i = 0; i < m; i++) {
                               ^
../src/helloworld.c:66:18: warning: variable 'X' set but not used [-Wunused-but-set-variable]
     unsigned int X[CONSTANT_M][CONSTANT_N] = {{1,2,5},{1,3,6},{1,4,7}};
                  ^
make: *** [src/subdir.mk:26: src/helloworld.o] Error 1
21:41:06 **** Auto Build of configuration Debug for project microblaze ****
make all 
Building file: ../src/helloworld.c
Invoking: MicroBlaze gcc compiler
mb-gcc -Wall -O0 -g3 -c -fmessage-length=0 -MT"src/helloworld.o" -I../../microblaze_bsp/microblaze_0/include -mlittle-endian -mcpu=v10.0 -mxl-soft-mul -Wl,--no-relax -ffunction-sections -fdata-sections -MMD -MP -MF"src/helloworld.d" -MT"src/helloworld.o" -o "src/helloworld.o" "../src/helloworld.c"
../src/helloworld.c: In function 'main':
../src/helloworld.c:66:52: warning: excess elements in array initializer
     unsigned int X[CONSTANT_M][CONSTANT_N] = {{1,2,5},{1,3,6},{1,4,7}};
                                                    ^
../src/helloworld.c:66:52: note: (near initialization for 'X[0]')
../src/helloworld.c:66:60: warning: excess elements in array initializer
     unsigned int X[CONSTANT_M][CONSTANT_N] = {{1,2,5},{1,3,6},{1,4,7}};
                                                            ^
../src/helloworld.c:66:60: note: (near initialization for 'X[1]')
../src/helloworld.c:66:68: warning: excess elements in array initializer
     unsigned int X[CONSTANT_M][CONSTANT_N] = {{1,2,5},{1,3,6},{1,4,7}};
                                                                    ^
../src/helloworld.c:66:68: note: (near initialization for 'X[2]')
../src/helloworld.c:83:31: error: 'm' undeclared (first use in this function)
  for (unsigned int i = 0; i < m; i++) {
                               ^
../src/helloworld.c:83:31: note: each undeclared identifier is reported only once for each function it appears in
../src/helloworld.c:90:31: error: 'n' undeclared (first use in this function)
  for (unsigned int i = 0; i < n; i++) {
                               ^
make: *** [src/subdir.mk:26: src/helloworld.o] Error 1
21:41:16 **** Auto Build of configuration Debug for project microblaze ****
make all 
Building file: ../src/helloworld.c
Invoking: MicroBlaze gcc compiler
mb-gcc -Wall -O0 -g3 -c -fmessage-length=0 -MT"src/helloworld.o" -I../../microblaze_bsp/microblaze_0/include -mlittle-endian -mcpu=v10.0 -mxl-soft-mul -Wl,--no-relax -ffunction-sections -fdata-sections -MMD -MP -MF"src/helloworld.d" -MT"src/helloworld.o" -o "src/helloworld.o" "../src/helloworld.c"
../src/helloworld.c: In function 'main':
../src/helloworld.c:66:52: warning: excess elements in array initializer
     unsigned int X[CONSTANT_M][CONSTANT_N] = {{1,2,5},{1,3,6},{1,4,7}};
                                                    ^
../src/helloworld.c:66:52: note: (near initialization for 'X[0]')
../src/helloworld.c:66:60: warning: excess elements in array initializer
     unsigned int X[CONSTANT_M][CONSTANT_N] = {{1,2,5},{1,3,6},{1,4,7}};
                                                            ^
../src/helloworld.c:66:60: note: (near initialization for 'X[1]')
../src/helloworld.c:66:68: warning: excess elements in array initializer
     unsigned int X[CONSTANT_M][CONSTANT_N] = {{1,2,5},{1,3,6},{1,4,7}};
                                                                    ^
../src/helloworld.c:66:68: note: (near initialization for 'X[2]')
../src/helloworld.c:111:26: error: 'n' undeclared (first use in this function)
      for (int l = 0; l < n; l++) {
                          ^
../src/helloworld.c:111:26: note: each undeclared identifier is reported only once for each function it appears in
make: *** [src/subdir.mk:26: src/helloworld.o] Error 1
21:41:22 **** Auto Build of configuration Debug for project microblaze ****
make all 
Building file: ../src/helloworld.c
Invoking: MicroBlaze gcc compiler
mb-gcc -Wall -O0 -g3 -c -fmessage-length=0 -MT"src/helloworld.o" -I../../microblaze_bsp/microblaze_0/include -mlittle-endian -mcpu=v10.0 -mxl-soft-mul -Wl,--no-relax -ffunction-sections -fdata-sections -MMD -MP -MF"src/helloworld.d" -MT"src/helloworld.o" -o "src/helloworld.o" "../src/helloworld.c"
../src/helloworld.c: In function 'main':
../src/helloworld.c:66:52: warning: excess elements in array initializer
     unsigned int X[CONSTANT_M][CONSTANT_N] = {{1,2,5},{1,3,6},{1,4,7}};
                                                    ^
../src/helloworld.c:66:52: note: (near initialization for 'X[0]')
../src/helloworld.c:66:60: warning: excess elements in array initializer
     unsigned int X[CONSTANT_M][CONSTANT_N] = {{1,2,5},{1,3,6},{1,4,7}};
                                                            ^
../src/helloworld.c:66:60: note: (near initialization for 'X[1]')
../src/helloworld.c:66:68: warning: excess elements in array initializer
     unsigned int X[CONSTANT_M][CONSTANT_N] = {{1,2,5},{1,3,6},{1,4,7}};
                                                                    ^
../src/helloworld.c:66:68: note: (near initialization for 'X[2]')
../src/helloworld.c:119:34: error: 'n' undeclared (first use in this function)
     for (unsigned int i = 0; i < n-1; i++) xil_printf("%d*x^%d + ", T[i], i);
                                  ^
../src/helloworld.c:119:34: note: each undeclared identifier is reported only once for each function it appears in
make: *** [src/subdir.mk:26: src/helloworld.o] Error 1
21:41:33 **** Auto Build of configuration Debug for project microblaze ****
make all 
Building file: ../src/helloworld.c
Invoking: MicroBlaze gcc compiler
mb-gcc -Wall -O0 -g3 -c -fmessage-length=0 -MT"src/helloworld.o" -I../../microblaze_bsp/microblaze_0/include -mlittle-endian -mcpu=v10.0 -mxl-soft-mul -Wl,--no-relax -ffunction-sections -fdata-sections -MMD -MP -MF"src/helloworld.d" -MT"src/helloworld.o" -o "src/helloworld.o" "../src/helloworld.c"
../src/helloworld.c: In function 'main':
../src/helloworld.c:66:52: warning: excess elements in array initializer
     unsigned int X[CONSTANT_M][CONSTANT_N] = {{1,2,5},{1,3,6},{1,4,7}};
                                                    ^
../src/helloworld.c:66:52: note: (near initialization for 'X[0]')
../src/helloworld.c:66:60: warning: excess elements in array initializer
     unsigned int X[CONSTANT_M][CONSTANT_N] = {{1,2,5},{1,3,6},{1,4,7}};
                                                            ^
../src/helloworld.c:66:60: note: (near initialization for 'X[1]')
../src/helloworld.c:66:68: warning: excess elements in array initializer
     unsigned int X[CONSTANT_M][CONSTANT_N] = {{1,2,5},{1,3,6},{1,4,7}};
                                                                    ^
../src/helloworld.c:66:68: note: (near initialization for 'X[2]')
Finished building: ../src/helloworld.c
 
Building target: microblaze.elf
Invoking: MicroBlaze gcc linker
mb-gcc -Wl,-T -Wl,../src/lscript.ld -L../../microblaze_bsp/microblaze_0/lib -mlittle-endian -mcpu=v10.0 -mxl-soft-mul -Wl,--no-relax -Wl,--gc-sections -o "microblaze.elf"  ./src/helloworld.o ./src/platform.o   -Wl,--start-group,-lxil,-lgcc,-lc,--end-group
Finished building target: microblaze.elf
 
Invoking: MicroBlaze Print Size
mb-size microblaze.elf  |tee "microblaze.elf.size"
   text	   data	    bss	    dec	    hex	filename
   9192	    312	   3104	  12608	   3140	microblaze.elf
Finished building: microblaze.elf.size
 
21:41:36 **** Auto Build of configuration Debug for project microblaze ****
make all 
Building file: ../src/helloworld.c
Invoking: MicroBlaze gcc compiler
mb-gcc -Wall -O0 -g3 -c -fmessage-length=0 -MT"src/helloworld.o" -I../../microblaze_bsp/microblaze_0/include -mlittle-endian -mcpu=v10.0 -mxl-soft-mul -Wl,--no-relax -ffunction-sections -fdata-sections -MMD -MP -MF"src/helloworld.d" -MT"src/helloworld.o" -o "src/helloworld.o" "../src/helloworld.c"
../src/helloworld.c: In function 'main':
../src/helloworld.c:66:52: warning: excess elements in array initializer
     unsigned int X[CONSTANT_M][CONSTANT_N] = {{1,2,5},{1,3,6},{1,4,7}};
                                                    ^
../src/helloworld.c:66:52: note: (near initialization for 'X[0]')
../src/helloworld.c:66:60: warning: excess elements in array initializer
     unsigned int X[CONSTANT_M][CONSTANT_N] = {{1,2,5},{1,3,6},{1,4,7}};
                                                            ^
../src/helloworld.c:66:60: note: (near initialization for 'X[1]')
../src/helloworld.c:66:68: warning: excess elements in array initializer
     unsigned int X[CONSTANT_M][CONSTANT_N] = {{1,2,5},{1,3,6},{1,4,7}};
                                                                    ^
../src/helloworld.c:66:68: note: (near initialization for 'X[2]')
Finished building: ../src/helloworld.c
 
Building target: microblaze.elf
Invoking: MicroBlaze gcc linker
mb-gcc -Wl,-T -Wl,../src/lscript.ld -L../../microblaze_bsp/microblaze_0/lib -mlittle-endian -mcpu=v10.0 -mxl-soft-mul -Wl,--no-relax -Wl,--gc-sections -o "microblaze.elf"  ./src/helloworld.o ./src/platform.o   -Wl,--start-group,-lxil,-lgcc,-lc,--end-group
Finished building target: microblaze.elf
 
Invoking: MicroBlaze Print Size
mb-size microblaze.elf  |tee "microblaze.elf.size"
   text	   data	    bss	    dec	    hex	filename
   9192	    312	   3104	  12608	   3140	microblaze.elf
Finished building: microblaze.elf.size
 
21:44:41 **** Auto Build of configuration Debug for project microblaze ****
make all 
Building file: ../src/helloworld.c
Invoking: MicroBlaze gcc compiler
mb-gcc -Wall -O0 -g3 -c -fmessage-length=0 -MT"src/helloworld.o" -I../../microblaze_bsp/microblaze_0/include -mlittle-endian -mcpu=v10.0 -mxl-soft-mul -Wl,--no-relax -ffunction-sections -fdata-sections -MMD -MP -MF"src/helloworld.d" -MT"src/helloworld.o" -o "src/helloworld.o" "../src/helloworld.c"
Finished building: ../src/helloworld.c
 
Building target: microblaze.elf
Invoking: MicroBlaze gcc linker
mb-gcc -Wl,-T -Wl,../src/lscript.ld -L../../microblaze_bsp/microblaze_0/lib -mlittle-endian -mcpu=v10.0 -mxl-soft-mul -Wl,--no-relax -Wl,--gc-sections -o "microblaze.elf"  ./src/helloworld.o ./src/platform.o   -Wl,--start-group,-lxil,-lgcc,-lc,--end-group
Finished building target: microblaze.elf
 
Invoking: MicroBlaze Print Size
mb-size microblaze.elf  |tee "microblaze.elf.size"
   text	   data	    bss	    dec	    hex	filename
   9076	    312	   3108	  12496	   30d0	microblaze.elf
Finished building: microblaze.elf.size
 
21:45:31 **** Auto Build of configuration Debug for project microblaze ****
make all 
Building file: ../src/helloworld.c
Invoking: MicroBlaze gcc compiler
mb-gcc -Wall -O0 -g3 -c -fmessage-length=0 -MT"src/helloworld.o" -I../../microblaze_bsp/microblaze_0/include -mlittle-endian -mcpu=v10.0 -mxl-soft-mul -Wl,--no-relax -ffunction-sections -fdata-sections -MMD -MP -MF"src/helloworld.d" -MT"src/helloworld.o" -o "src/helloworld.o" "../src/helloworld.c"
Finished building: ../src/helloworld.c
 
Building target: microblaze.elf
Invoking: MicroBlaze gcc linker
mb-gcc -Wl,-T -Wl,../src/lscript.ld -L../../microblaze_bsp/microblaze_0/lib -mlittle-endian -mcpu=v10.0 -mxl-soft-mul -Wl,--no-relax -Wl,--gc-sections -o "microblaze.elf"  ./src/helloworld.o ./src/platform.o   -Wl,--start-group,-lxil,-lgcc,-lc,--end-group
Finished building target: microblaze.elf
 
Invoking: MicroBlaze Print Size
mb-size microblaze.elf  |tee "microblaze.elf.size"
   text	   data	    bss	    dec	    hex	filename
   9284	    312	   3108	  12704	   31a0	microblaze.elf
Finished building: microblaze.elf.size
 
21:45:38 **** Auto Build of configuration Debug for project microblaze ****
make all 
Building file: ../src/helloworld.c
Invoking: MicroBlaze gcc compiler
mb-gcc -Wall -O0 -g3 -c -fmessage-length=0 -MT"src/helloworld.o" -I../../microblaze_bsp/microblaze_0/include -mlittle-endian -mcpu=v10.0 -mxl-soft-mul -Wl,--no-relax -ffunction-sections -fdata-sections -MMD -MP -MF"src/helloworld.d" -MT"src/helloworld.o" -o "src/helloworld.o" "../src/helloworld.c"
Finished building: ../src/helloworld.c
 
Building target: microblaze.elf
Invoking: MicroBlaze gcc linker
mb-gcc -Wl,-T -Wl,../src/lscript.ld -L../../microblaze_bsp/microblaze_0/lib -mlittle-endian -mcpu=v10.0 -mxl-soft-mul -Wl,--no-relax -Wl,--gc-sections -o "microblaze.elf"  ./src/helloworld.o ./src/platform.o   -Wl,--start-group,-lxil,-lgcc,-lc,--end-group
Finished building target: microblaze.elf
 
Invoking: MicroBlaze Print Size
mb-size microblaze.elf  |tee "microblaze.elf.size"
   text	   data	    bss	    dec	    hex	filename
   9268	    312	   3108	  12688	   3190	microblaze.elf
Finished building: microblaze.elf.size
 
21:46:26 **** Auto Build of configuration Debug for project microblaze ****
make all 
Building file: ../src/helloworld.c
Invoking: MicroBlaze gcc compiler
mb-gcc -Wall -O0 -g3 -c -fmessage-length=0 -MT"src/helloworld.o" -I../../microblaze_bsp/microblaze_0/include -mlittle-endian -mcpu=v10.0 -mxl-soft-mul -Wl,--no-relax -ffunction-sections -fdata-sections -MMD -MP -MF"src/helloworld.d" -MT"src/helloworld.o" -o "src/helloworld.o" "../src/helloworld.c"
Finished building: ../src/helloworld.c
 
Building target: microblaze.elf
Invoking: MicroBlaze gcc linker
mb-gcc -Wl,-T -Wl,../src/lscript.ld -L../../microblaze_bsp/microblaze_0/lib -mlittle-endian -mcpu=v10.0 -mxl-soft-mul -Wl,--no-relax -Wl,--gc-sections -o "microblaze.elf"  ./src/helloworld.o ./src/platform.o   -Wl,--start-group,-lxil,-lgcc,-lc,--end-group
Finished building target: microblaze.elf
 
Invoking: MicroBlaze Print Size
mb-size microblaze.elf  |tee "microblaze.elf.size"
   text	   data	    bss	    dec	    hex	filename
   9268	    312	   3108	  12688	   3190	microblaze.elf
Finished building: microblaze.elf.size
 
21:55:41 **** Auto Build of configuration Debug for project microblaze ****
make all 
Building file: ../src/helloworld.c
Invoking: MicroBlaze gcc compiler
mb-gcc -Wall -O0 -g3 -c -fmessage-length=0 -MT"src/helloworld.o" -I../../microblaze_bsp/microblaze_0/include -mlittle-endian -mcpu=v10.0 -mxl-soft-mul -Wl,--no-relax -ffunction-sections -fdata-sections -MMD -MP -MF"src/helloworld.d" -MT"src/helloworld.o" -o "src/helloworld.o" "../src/helloworld.c"
Finished building: ../src/helloworld.c
 
Building target: microblaze.elf
Invoking: MicroBlaze gcc linker
mb-gcc -Wl,-T -Wl,../src/lscript.ld -L../../microblaze_bsp/microblaze_0/lib -mlittle-endian -mcpu=v10.0 -mxl-soft-mul -Wl,--no-relax -Wl,--gc-sections -o "microblaze.elf"  ./src/helloworld.o ./src/platform.o   -Wl,--start-group,-lxil,-lgcc,-lc,--end-group
Finished building target: microblaze.elf
 
Invoking: MicroBlaze Print Size
mb-size microblaze.elf  |tee "microblaze.elf.size"
   text	   data	    bss	    dec	    hex	filename
   9268	    312	   3108	  12688	   3190	microblaze.elf
Finished building: microblaze.elf.size
 
21:55:44 **** Auto Build of configuration Debug for project microblaze ****
make all 
Building file: ../src/helloworld.c
Invoking: MicroBlaze gcc compiler
mb-gcc -Wall -O0 -g3 -c -fmessage-length=0 -MT"src/helloworld.o" -I../../microblaze_bsp/microblaze_0/include -mlittle-endian -mcpu=v10.0 -mxl-soft-mul -Wl,--no-relax -ffunction-sections -fdata-sections -MMD -MP -MF"src/helloworld.d" -MT"src/helloworld.o" -o "src/helloworld.o" "../src/helloworld.c"
Finished building: ../src/helloworld.c
 
Building target: microblaze.elf
Invoking: MicroBlaze gcc linker
mb-gcc -Wl,-T -Wl,../src/lscript.ld -L../../microblaze_bsp/microblaze_0/lib -mlittle-endian -mcpu=v10.0 -mxl-soft-mul -Wl,--no-relax -Wl,--gc-sections -o "microblaze.elf"  ./src/helloworld.o ./src/platform.o   -Wl,--start-group,-lxil,-lgcc,-lc,--end-group
Finished building target: microblaze.elf
 
Invoking: MicroBlaze Print Size
mb-size microblaze.elf  |tee "microblaze.elf.size"
   text	   data	    bss	    dec	    hex	filename
   9268	    312	   3108	  12688	   3190	microblaze.elf
Finished building: microblaze.elf.size
 
21:56:42 **** Incremental Build of configuration Debug for project microblaze ****
make all 
make: Nothing to be done for 'all'.
21:57:05 **** Auto Build of configuration Debug for project microblaze ****
make all 
Building file: ../src/helloworld.c
Invoking: MicroBlaze gcc compiler
mb-gcc -Wall -O0 -g3 -c -fmessage-length=0 -MT"src/helloworld.o" -I../../microblaze_bsp/microblaze_0/include -mlittle-endian -mcpu=v10.0 -mxl-soft-mul -Wl,--no-relax -ffunction-sections -fdata-sections -MMD -MP -MF"src/helloworld.d" -MT"src/helloworld.o" -o "src/helloworld.o" "../src/helloworld.c"
../src/helloworld.c: In function 'main':
../src/helloworld.c:77:4: warning: excess elements in array initializer
    {100,586},
    ^
../src/helloworld.c:77:4: note: (near initialization for 'X')
../src/helloworld.c:78:7: warning: excess elements in array initializer
       {100,390},
       ^
../src/helloworld.c:78:7: note: (near initialization for 'X')
../src/helloworld.c:79:4: warning: excess elements in array initializer
    {100,410},
    ^
../src/helloworld.c:79:4: note: (near initialization for 'X')
../src/helloworld.c:80:7: warning: excess elements in array initializer
       {100,509}
       ^
../src/helloworld.c:80:7: note: (near initialization for 'X')
Finished building: ../src/helloworld.c
 
Building target: microblaze.elf
Invoking: MicroBlaze gcc linker
mb-gcc -Wl,-T -Wl,../src/lscript.ld -L../../microblaze_bsp/microblaze_0/lib -mlittle-endian -mcpu=v10.0 -mxl-soft-mul -Wl,--no-relax -Wl,--gc-sections -o "microblaze.elf"  ./src/helloworld.o ./src/platform.o   -Wl,--start-group,-lxil,-lgcc,-lc,--end-group
Finished building target: microblaze.elf
 
Invoking: MicroBlaze Print Size
mb-size microblaze.elf  |tee "microblaze.elf.size"
   text	   data	    bss	    dec	    hex	filename
   9236	    312	   3108	  12656	   3170	microblaze.elf
Finished building: microblaze.elf.size
 
21:57:21 **** Auto Build of configuration Debug for project microblaze ****
make all 
Building file: ../src/helloworld.c
Invoking: MicroBlaze gcc compiler
mb-gcc -Wall -O0 -g3 -c -fmessage-length=0 -MT"src/helloworld.o" -I../../microblaze_bsp/microblaze_0/include -mlittle-endian -mcpu=v10.0 -mxl-soft-mul -Wl,--no-relax -ffunction-sections -fdata-sections -MMD -MP -MF"src/helloworld.d" -MT"src/helloworld.o" -o "src/helloworld.o" "../src/helloworld.c"
Finished building: ../src/helloworld.c
 
Building target: microblaze.elf
Invoking: MicroBlaze gcc linker
mb-gcc -Wl,-T -Wl,../src/lscript.ld -L../../microblaze_bsp/microblaze_0/lib -mlittle-endian -mcpu=v10.0 -mxl-soft-mul -Wl,--no-relax -Wl,--gc-sections -o "microblaze.elf"  ./src/helloworld.o ./src/platform.o   -Wl,--start-group,-lxil,-lgcc,-lc,--end-group
Finished building target: microblaze.elf
 
Invoking: MicroBlaze Print Size
mb-size microblaze.elf  |tee "microblaze.elf.size"
   text	   data	    bss	    dec	    hex	filename
   9236	    312	   3108	  12656	   3170	microblaze.elf
Finished building: microblaze.elf.size
 
21:57:30 **** Auto Build of configuration Debug for project microblaze ****
make all 
Building file: ../src/helloworld.c
Invoking: MicroBlaze gcc compiler
mb-gcc -Wall -O0 -g3 -c -fmessage-length=0 -MT"src/helloworld.o" -I../../microblaze_bsp/microblaze_0/include -mlittle-endian -mcpu=v10.0 -mxl-soft-mul -Wl,--no-relax -ffunction-sections -fdata-sections -MMD -MP -MF"src/helloworld.d" -MT"src/helloworld.o" -o "src/helloworld.o" "../src/helloworld.c"
Finished building: ../src/helloworld.c
 
Building target: microblaze.elf
Invoking: MicroBlaze gcc linker
mb-gcc -Wl,-T -Wl,../src/lscript.ld -L../../microblaze_bsp/microblaze_0/lib -mlittle-endian -mcpu=v10.0 -mxl-soft-mul -Wl,--no-relax -Wl,--gc-sections -o "microblaze.elf"  ./src/helloworld.o ./src/platform.o   -Wl,--start-group,-lxil,-lgcc,-lc,--end-group
Finished building target: microblaze.elf
 
Invoking: MicroBlaze Print Size
mb-size microblaze.elf  |tee "microblaze.elf.size"
   text	   data	    bss	    dec	    hex	filename
   9140	    312	   3108	  12560	   3110	microblaze.elf
Finished building: microblaze.elf.size
 
21:57:45 **** Incremental Build of configuration Debug for project microblaze ****
make all 
make: Nothing to be done for 'all'.
21:58:07 **** Incremental Build of configuration Debug for project microblaze ****
make all 
make: Nothing to be done for 'all'.
21:58:24 **** Incremental Build of configuration Debug for project microblaze ****
make all 
make: Nothing to be done for 'all'.
22:01:46 **** Auto Build of configuration Debug for project microblaze ****
make all 
Building file: ../src/helloworld.c
Invoking: MicroBlaze gcc compiler
mb-gcc -Wall -O0 -g3 -c -fmessage-length=0 -MT"src/helloworld.o" -I../../microblaze_bsp/microblaze_0/include -mlittle-endian -mcpu=v10.0 -mxl-soft-mul -Wl,--no-relax -ffunction-sections -fdata-sections -MMD -MP -MF"src/helloworld.d" -MT"src/helloworld.o" -o "src/helloworld.o" "../src/helloworld.c"
Finished building: ../src/helloworld.c
 
Building target: microblaze.elf
Invoking: MicroBlaze gcc linker
mb-gcc -Wl,-T -Wl,../src/lscript.ld -L../../microblaze_bsp/microblaze_0/lib -mlittle-endian -mcpu=v10.0 -mxl-soft-mul -Wl,--no-relax -Wl,--gc-sections -o "microblaze.elf"  ./src/helloworld.o ./src/platform.o   -Wl,--start-group,-lxil,-lgcc,-lc,--end-group
Finished building target: microblaze.elf
 
Invoking: MicroBlaze Print Size
mb-size microblaze.elf  |tee "microblaze.elf.size"
   text	   data	    bss	    dec	    hex	filename
   9140	    312	   3108	  12560	   3110	microblaze.elf
Finished building: microblaze.elf.size
 
22:02:03 **** Clean-only build of configuration Debug for project microblaze ****
make clean 
rm -rf  ./src/helloworld.o ./src/platform.o  ./src/helloworld.d ./src/platform.d  microblaze.elf.size  microblaze.elf
 
22:02:03 **** Clean-only build of project microblaze_bsp ****
make -k clean 
make -C microblaze_0/libsrc/cpu_v2_6/src -s clean 
make -C microblaze_0/libsrc/standalone_v6_5/src -s clean 
make -C microblaze_0/libsrc/uartlite_v3_2/src -s clean 
make -C microblaze_0/libsrc/bram_v4_2/src -s clean 
make -C microblaze_0/libsrc/intc_v3_7/src -s clean 
rm -f microblaze_0/lib/libxil.a
22:02:03 **** Build of project microblaze_bsp ****
make -k all 
Running Make include in microblaze_0/libsrc/cpu_v2_6/src
make -C microblaze_0/libsrc/cpu_v2_6/src -s include  "SHELL=/bin/sh" "COMPILER=mb-gcc" "ARCHIVER=mb-ar" "COMPILER_FLAGS= -O2 -c -mcpu=v10.0 -mlittle-endian -mxl-soft-mul" "EXTRA_COMPILER_FLAGS=-ffunction-sections -fdata-sections -Wall -Wextra"
Running Make include in microblaze_0/libsrc/standalone_v6_5/src
Running Make include in microblaze_0/libsrc/uartlite_v3_2/src
make -C microblaze_0/libsrc/standalone_v6_5/src -s include  "SHELL=/bin/sh" "COMPILER=mb-gcc" "ARCHIVER=mb-ar" "COMPILER_FLAGS= -O2 -c -mcpu=v10.0 -mlittle-endian -mxl-soft-mul" "EXTRA_COMPILER_FLAGS=-ffunction-sections -fdata-sections -Wall -Wextra"
make -C microblaze_0/libsrc/uartlite_v3_2/src -s include  "SHELL=/bin/sh" "COMPILER=mb-gcc" "ARCHIVER=mb-ar" "COMPILER_FLAGS= -O2 -c -mcpu=v10.0 -mlittle-endian -mxl-soft-mul" "EXTRA_COMPILER_FLAGS=-ffunction-sections -fdata-sections -Wall -Wextra"
Running Make include in microblaze_0/libsrc/bram_v4_2/src
make -C microblaze_0/libsrc/bram_v4_2/src -s include  "SHELL=/bin/sh" "COMPILER=mb-gcc" "ARCHIVER=mb-ar" "COMPILER_FLAGS= -O2 -c -mcpu=v10.0 -mlittle-endian -mxl-soft-mul" "EXTRA_COMPILER_FLAGS=-ffunction-sections -fdata-sections -Wall -Wextra"
Running Make include in microblaze_0/libsrc/intc_v3_7/src
make -C microblaze_0/libsrc/intc_v3_7/src -s include  "SHELL=/bin/sh" "COMPILER=mb-gcc" "ARCHIVER=mb-ar" "COMPILER_FLAGS= -O2 -c -mcpu=v10.0 -mlittle-endian -mxl-soft-mul" "EXTRA_COMPILER_FLAGS=-ffunction-sections -fdata-sections -Wall -Wextra"
Running Make libs in microblaze_0/libsrc/cpu_v2_6/src
make -C microblaze_0/libsrc/cpu_v2_6/src -s libs  "SHELL=/bin/sh" "COMPILER=mb-gcc" "ARCHIVER=mb-ar" "COMPILER_FLAGS= -O2 -c -mcpu=v10.0 -mlittle-endian -mxl-soft-mul" "EXTRA_COMPILER_FLAGS=-ffunction-sections -fdata-sections -Wall -Wextra"
Running Make libs in microblaze_0/libsrc/standalone_v6_5/src
make -C microblaze_0/libsrc/standalone_v6_5/src -s libs  "SHELL=/bin/sh" "COMPILER=mb-gcc" "ARCHIVER=mb-ar" "COMPILER_FLAGS= -O2 -c -mcpu=v10.0 -mlittle-endian -mxl-soft-mul" "EXTRA_COMPILER_FLAGS=-ffunction-sections -fdata-sections -Wall -Wextra"
Running Make libs in microblaze_0/libsrc/uartlite_v3_2/src
make -C microblaze_0/libsrc/uartlite_v3_2/src -s libs  "SHELL=/bin/sh" "COMPILER=mb-gcc" "ARCHIVER=mb-ar" "COMPILER_FLAGS= -O2 -c -mcpu=v10.0 -mlittle-endian -mxl-soft-mul" "EXTRA_COMPILER_FLAGS=-ffunction-sections -fdata-sections -Wall -Wextra"
Running Make libs in microblaze_0/libsrc/bram_v4_2/src
make -C microblaze_0/libsrc/bram_v4_2/src -s libs  "SHELL=/bin/sh" "COMPILER=mb-gcc" "ARCHIVER=mb-ar" "COMPILER_FLAGS= -O2 -c -mcpu=v10.0 -mlittle-endian -mxl-soft-mul" "EXTRA_COMPILER_FLAGS=-ffunction-sections -fdata-sections -Wall -Wextra"
Compiling cpu
Compiling bram
Compiling standalone
Compiling uartlite
mb-ar: creating ../../../lib/libxil.a
make[2]: warning: jobserver unavailable: using -j1.  Add '+' to parent make rule.
Running Make libs in microblaze_0/libsrc/intc_v3_7/src
make -C microblaze_0/libsrc/intc_v3_7/src -s libs  "SHELL=/bin/sh" "COMPILER=mb-gcc" "ARCHIVER=mb-ar" "COMPILER_FLAGS= -O2 -c -mcpu=v10.0 -mlittle-endian -mxl-soft-mul" "EXTRA_COMPILER_FLAGS=-ffunction-sections -fdata-sections -Wall -Wextra"
Compiling intc
make[2]: warning: jobserver unavailable: using -j1.  Add '+' to parent make rule.
make[2]: warning: jobserver unavailable: using -j1.  Add '+' to parent make rule.
make[2]: warning: jobserver unavailable: using -j1.  Add '+' to parent make rule.
Finished building libraries
22:02:04 **** Build of configuration Debug for project microblaze ****
make all 
Building file: ../src/helloworld.c
Building file: ../src/platform.c
Invoking: MicroBlaze gcc compiler
mb-gcc -Wall -O0 -g3 -c -fmessage-length=0 -MT"src/helloworld.o" -I../../microblaze_bsp/microblaze_0/include -mlittle-endian -mcpu=v10.0 -mxl-soft-mul -Wl,--no-relax -ffunction-sections -fdata-sections -MMD -MP -MF"src/helloworld.d" -MT"src/helloworld.o" -o "src/helloworld.o" "../src/helloworld.c"
Invoking: MicroBlaze gcc compiler
mb-gcc -Wall -O0 -g3 -c -fmessage-length=0 -MT"src/platform.o" -I../../microblaze_bsp/microblaze_0/include -mlittle-endian -mcpu=v10.0 -mxl-soft-mul -Wl,--no-relax -ffunction-sections -fdata-sections -MMD -MP -MF"src/platform.d" -MT"src/platform.o" -o "src/platform.o" "../src/platform.c"
Finished building: ../src/platform.c
 
Finished building: ../src/helloworld.c
 
Building target: microblaze.elf
Invoking: MicroBlaze gcc linker
mb-gcc -Wl,-T -Wl,../src/lscript.ld -L../../microblaze_bsp/microblaze_0/lib -mlittle-endian -mcpu=v10.0 -mxl-soft-mul -Wl,--no-relax -Wl,--gc-sections -o "microblaze.elf"  ./src/helloworld.o ./src/platform.o   -Wl,--start-group,-lxil,-lgcc,-lc,--end-group
Finished building target: microblaze.elf
 
Invoking: MicroBlaze Print Size
mb-size microblaze.elf  |tee "microblaze.elf.size"
   text	   data	    bss	    dec	    hex	filename
   9140	    312	   3108	  12560	   3110	microblaze.elf
Finished building: microblaze.elf.size
 
22:02:12 **** Incremental Build of configuration Debug for project microblaze ****
make all 
make: Nothing to be done for 'all'.
22:02:24 **** Incremental Build of configuration Debug for project microblaze ****
make all 
make: Nothing to be done for 'all'.
22:07:43 **** Auto Build of configuration Debug for project microblaze ****
make all 
Building file: ../src/helloworld.c
Invoking: MicroBlaze gcc compiler
mb-gcc -Wall -O0 -g3 -c -fmessage-length=0 -MT"src/helloworld.o" -I../../microblaze_bsp/microblaze_0/include -mlittle-endian -mcpu=v10.0 -mxl-soft-mul -Wl,--no-relax -ffunction-sections -fdata-sections -MMD -MP -MF"src/helloworld.d" -MT"src/helloworld.o" -o "src/helloworld.o" "../src/helloworld.c"
Finished building: ../src/helloworld.c
 
Building target: microblaze.elf
Invoking: MicroBlaze gcc linker
mb-gcc -Wl,-T -Wl,../src/lscript.ld -L../../microblaze_bsp/microblaze_0/lib -mlittle-endian -mcpu=v10.0 -mxl-soft-mul -Wl,--no-relax -Wl,--gc-sections -o "microblaze.elf"  ./src/helloworld.o ./src/platform.o   -Wl,--start-group,-lxil,-lgcc,-lc,--end-group
Finished building target: microblaze.elf
 
Invoking: MicroBlaze Print Size
mb-size microblaze.elf  |tee "microblaze.elf.size"
   text	   data	    bss	    dec	    hex	filename
   9140	    312	   3108	  12560	   3110	microblaze.elf
Finished building: microblaze.elf.size
 
22:07:49 **** Incremental Build of configuration Debug for project microblaze ****
make all 
make: Nothing to be done for 'all'.
22:08:08 **** Incremental Build of configuration Debug for project microblaze ****
make all 
make: Nothing to be done for 'all'.
22:08:26 **** Auto Build of configuration Debug for project microblaze ****
make all 
Building file: ../src/helloworld.c
Invoking: MicroBlaze gcc compiler
mb-gcc -Wall -O0 -g3 -c -fmessage-length=0 -MT"src/helloworld.o" -I../../microblaze_bsp/microblaze_0/include -mlittle-endian -mcpu=v10.0 -mxl-soft-mul -Wl,--no-relax -ffunction-sections -fdata-sections -MMD -MP -MF"src/helloworld.d" -MT"src/helloworld.o" -o "src/helloworld.o" "../src/helloworld.c"
Finished building: ../src/helloworld.c
 
Building target: microblaze.elf
Invoking: MicroBlaze gcc linker
mb-gcc -Wl,-T -Wl,../src/lscript.ld -L../../microblaze_bsp/microblaze_0/lib -mlittle-endian -mcpu=v10.0 -mxl-soft-mul -Wl,--no-relax -Wl,--gc-sections -o "microblaze.elf"  ./src/helloworld.o ./src/platform.o   -Wl,--start-group,-lxil,-lgcc,-lc,--end-group
Finished building target: microblaze.elf
 
Invoking: MicroBlaze Print Size
mb-size microblaze.elf  |tee "microblaze.elf.size"
   text	   data	    bss	    dec	    hex	filename
   9140	    312	   3108	  12560	   3110	microblaze.elf
Finished building: microblaze.elf.size
 
22:08:30 **** Incremental Build of configuration Debug for project microblaze ****
make all 
make: Nothing to be done for 'all'.
22:10:44 **** Auto Build of configuration Debug for project microblaze ****
make all 
Building file: ../src/helloworld.c
Invoking: MicroBlaze gcc compiler
mb-gcc -Wall -O0 -g3 -c -fmessage-length=0 -MT"src/helloworld.o" -I../../microblaze_bsp/microblaze_0/include -mlittle-endian -mcpu=v10.0 -mxl-soft-mul -Wl,--no-relax -ffunction-sections -fdata-sections -MMD -MP -MF"src/helloworld.d" -MT"src/helloworld.o" -o "src/helloworld.o" "../src/helloworld.c"
Finished building: ../src/helloworld.c
 
Building target: microblaze.elf
Invoking: MicroBlaze gcc linker
mb-gcc -Wl,-T -Wl,../src/lscript.ld -L../../microblaze_bsp/microblaze_0/lib -mlittle-endian -mcpu=v10.0 -mxl-soft-mul -Wl,--no-relax -Wl,--gc-sections -o "microblaze.elf"  ./src/helloworld.o ./src/platform.o   -Wl,--start-group,-lxil,-lgcc,-lc,--end-group
Finished building target: microblaze.elf
 
Invoking: MicroBlaze Print Size
mb-size microblaze.elf  |tee "microblaze.elf.size"
   text	   data	    bss	    dec	    hex	filename
   9136	    312	   3104	  12552	   3108	microblaze.elf
Finished building: microblaze.elf.size
 
22:10:57 **** Incremental Build of configuration Debug for project microblaze ****
make all 
make: Nothing to be done for 'all'.
22:11:35 **** Incremental Build of configuration Debug for project microblaze ****
make all 
make: Nothing to be done for 'all'.
22:11:45 **** Auto Build of configuration Debug for project microblaze ****
make all 
Building file: ../src/helloworld.c
Invoking: MicroBlaze gcc compiler
mb-gcc -Wall -O0 -g3 -c -fmessage-length=0 -MT"src/helloworld.o" -I../../microblaze_bsp/microblaze_0/include -mlittle-endian -mcpu=v10.0 -mxl-soft-mul -Wl,--no-relax -ffunction-sections -fdata-sections -MMD -MP -MF"src/helloworld.d" -MT"src/helloworld.o" -o "src/helloworld.o" "../src/helloworld.c"
Finished building: ../src/helloworld.c
 
Building target: microblaze.elf
Invoking: MicroBlaze gcc linker
mb-gcc -Wl,-T -Wl,../src/lscript.ld -L../../microblaze_bsp/microblaze_0/lib -mlittle-endian -mcpu=v10.0 -mxl-soft-mul -Wl,--no-relax -Wl,--gc-sections -o "microblaze.elf"  ./src/helloworld.o ./src/platform.o   -Wl,--start-group,-lxil,-lgcc,-lc,--end-group
Finished building target: microblaze.elf
 
Invoking: MicroBlaze Print Size
mb-size microblaze.elf  |tee "microblaze.elf.size"
   text	   data	    bss	    dec	    hex	filename
   9140	    312	   3108	  12560	   3110	microblaze.elf
Finished building: microblaze.elf.size
 
22:11:49 **** Incremental Build of configuration Debug for project microblaze ****
make all 
make: Nothing to be done for 'all'.
22:11:59 **** Incremental Build of configuration Debug for project microblaze ****
make all 
make: Nothing to be done for 'all'.
22:27:35 **** Incremental Build of configuration Debug for project microblaze ****
make all 
Building file: ../src/helloworld.c
Building file: ../src/platform.c
Invoking: MicroBlaze gcc compiler
mb-gcc -Wall -O0 -g3 -c -fmessage-length=0 -MT"src/helloworld.o" -I../../microblaze_bsp/microblaze_0/include -mlittle-endian -mcpu=v10.0 -mxl-soft-mul -Wl,--no-relax -ffunction-sections -fdata-sections -MMD -MP -MF"src/helloworld.d" -MT"src/helloworld.o" -o "src/helloworld.o" "../src/helloworld.c"
Invoking: MicroBlaze gcc compiler
mb-gcc -Wall -O0 -g3 -c -fmessage-length=0 -MT"src/platform.o" -I../../microblaze_bsp/microblaze_0/include -mlittle-endian -mcpu=v10.0 -mxl-soft-mul -Wl,--no-relax -ffunction-sections -fdata-sections -MMD -MP -MF"src/platform.d" -MT"src/platform.o" -o "src/platform.o" "../src/platform.c"
../src/platform.c:34:23: fatal error: xil_cache.h: No such file or directory
 #include "xil_cache.h"
                       ^
compilation terminated.
make: *** [src/subdir.mk:26: src/platform.o] Error 1
make: *** Waiting for unfinished jobs....
../src/helloworld.c:3:24: fatal error: xil_printf.h: No such file or directory
 #include "xil_printf.h"
                        ^
compilation terminated.
make: *** [src/subdir.mk:26: src/helloworld.o] Error 1
22:27:46 **** Clean-only build of configuration Debug for project microblaze ****
make clean 
rm -rf  ./src/helloworld.o ./src/platform.o  ./src/helloworld.d ./src/platform.d  microblaze.elf.size  microblaze.elf
 
22:27:46 **** Clean-only build of project microblaze_bsp ****
make -k clean 
make -C microblaze_0/libsrc/cpu_v2_6/src -s clean 
make -C microblaze_0/libsrc/standalone_v6_5/src -s clean 
make -C microblaze_0/libsrc/uartlite_v3_2/src -s clean 
make -C microblaze_0/libsrc/bram_v4_2/src -s clean 
make -C microblaze_0/libsrc/intc_v3_7/src -s clean 
rm -f microblaze_0/lib/libxil.a
22:27:46 **** Build of project microblaze_bsp ****
make -k all 
Running Make include in microblaze_0/libsrc/cpu_v2_6/src
make -C microblaze_0/libsrc/cpu_v2_6/src -s include  "SHELL=/bin/sh" "COMPILER=mb-gcc" "ARCHIVER=mb-ar" "COMPILER_FLAGS= -O2 -c -mcpu=v10.0 -mlittle-endian -mxl-soft-mul" "EXTRA_COMPILER_FLAGS=-ffunction-sections -fdata-sections -Wall -Wextra"
Running Make include in microblaze_0/libsrc/standalone_v6_5/src
make -C microblaze_0/libsrc/standalone_v6_5/src -s include  "SHELL=/bin/sh" "COMPILER=mb-gcc" "ARCHIVER=mb-ar" "COMPILER_FLAGS= -O2 -c -mcpu=v10.0 -mlittle-endian -mxl-soft-mul" "EXTRA_COMPILER_FLAGS=-ffunction-sections -fdata-sections -Wall -Wextra"
Running Make include in microblaze_0/libsrc/uartlite_v3_2/src
make -C microblaze_0/libsrc/uartlite_v3_2/src -s include  "SHELL=/bin/sh" "COMPILER=mb-gcc" "ARCHIVER=mb-ar" "COMPILER_FLAGS= -O2 -c -mcpu=v10.0 -mlittle-endian -mxl-soft-mul" "EXTRA_COMPILER_FLAGS=-ffunction-sections -fdata-sections -Wall -Wextra"
Running Make include in microblaze_0/libsrc/bram_v4_2/src
make -C microblaze_0/libsrc/bram_v4_2/src -s include  "SHELL=/bin/sh" "COMPILER=mb-gcc" "ARCHIVER=mb-ar" "COMPILER_FLAGS= -O2 -c -mcpu=v10.0 -mlittle-endian -mxl-soft-mul" "EXTRA_COMPILER_FLAGS=-ffunction-sections -fdata-sections -Wall -Wextra"
Running Make include in microblaze_0/libsrc/intc_v3_7/src
make -C microblaze_0/libsrc/intc_v3_7/src -s include  "SHELL=/bin/sh" "COMPILER=mb-gcc" "ARCHIVER=mb-ar" "COMPILER_FLAGS= -O2 -c -mcpu=v10.0 -mlittle-endian -mxl-soft-mul" "EXTRA_COMPILER_FLAGS=-ffunction-sections -fdata-sections -Wall -Wextra"
Running Make libs in microblaze_0/libsrc/cpu_v2_6/src
make -C microblaze_0/libsrc/cpu_v2_6/src -s libs  "SHELL=/bin/sh" "COMPILER=mb-gcc" "ARCHIVER=mb-ar" "COMPILER_FLAGS= -O2 -c -mcpu=v10.0 -mlittle-endian -mxl-soft-mul" "EXTRA_COMPILER_FLAGS=-ffunction-sections -fdata-sections -Wall -Wextra"
Running Make libs in microblaze_0/libsrc/standalone_v6_5/src
make -C microblaze_0/libsrc/standalone_v6_5/src -s libs  "SHELL=/bin/sh" "COMPILER=mb-gcc" "ARCHIVER=mb-ar" "COMPILER_FLAGS= -O2 -c -mcpu=v10.0 -mlittle-endian -mxl-soft-mul" "EXTRA_COMPILER_FLAGS=-ffunction-sections -fdata-sections -Wall -Wextra"
Running Make libs in microblaze_0/libsrc/uartlite_v3_2/src
Compiling cpu
make -C microblaze_0/libsrc/uartlite_v3_2/src -s libs  "SHELL=/bin/sh" "COMPILER=mb-gcc" "ARCHIVER=mb-ar" "COMPILER_FLAGS= -O2 -c -mcpu=v10.0 -mlittle-endian -mxl-soft-mul" "EXTRA_COMPILER_FLAGS=-ffunction-sections -fdata-sections -Wall -Wextra"
Running Make libs in microblaze_0/libsrc/bram_v4_2/src
make -C microblaze_0/libsrc/bram_v4_2/src -s libs  "SHELL=/bin/sh" "COMPILER=mb-gcc" "ARCHIVER=mb-ar" "COMPILER_FLAGS= -O2 -c -mcpu=v10.0 -mlittle-endian -mxl-soft-mul" "EXTRA_COMPILER_FLAGS=-ffunction-sections -fdata-sections -Wall -Wextra"
Compiling uartlite
Compiling standalone
Compiling bram
mb-ar: creating ../../../lib/libxil.a
make[2]: warning: jobserver unavailable: using -j1.  Add '+' to parent make rule.
Running Make libs in microblaze_0/libsrc/intc_v3_7/src
make -C microblaze_0/libsrc/intc_v3_7/src -s libs  "SHELL=/bin/sh" "COMPILER=mb-gcc" "ARCHIVER=mb-ar" "COMPILER_FLAGS= -O2 -c -mcpu=v10.0 -mlittle-endian -mxl-soft-mul" "EXTRA_COMPILER_FLAGS=-ffunction-sections -fdata-sections -Wall -Wextra"
Compiling intc
make[2]: warning: jobserver unavailable: using -j1.  Add '+' to parent make rule.
make[2]: warning: jobserver unavailable: using -j1.  Add '+' to parent make rule.
make[2]: warning: jobserver unavailable: using -j1.  Add '+' to parent make rule.
Finished building libraries
22:27:48 **** Build of configuration Debug for project microblaze ****
make all 
Building file: ../src/helloworld.c
Building file: ../src/platform.c
Invoking: MicroBlaze gcc compiler
mb-gcc -Wall -O0 -g3 -c -fmessage-length=0 -MT"src/helloworld.o" -I../../microblaze_bsp/microblaze_0/include -mlittle-endian -mcpu=v10.0 -mxl-soft-mul -Wl,--no-relax -ffunction-sections -fdata-sections -MMD -MP -MF"src/helloworld.d" -MT"src/helloworld.o" -o "src/helloworld.o" "../src/helloworld.c"
Invoking: MicroBlaze gcc compiler
mb-gcc -Wall -O0 -g3 -c -fmessage-length=0 -MT"src/platform.o" -I../../microblaze_bsp/microblaze_0/include -mlittle-endian -mcpu=v10.0 -mxl-soft-mul -Wl,--no-relax -ffunction-sections -fdata-sections -MMD -MP -MF"src/platform.d" -MT"src/platform.o" -o "src/platform.o" "../src/platform.c"
Finished building: ../src/platform.c
 
Finished building: ../src/helloworld.c
 
Building target: microblaze.elf
Invoking: MicroBlaze gcc linker
mb-gcc -Wl,-T -Wl,../src/lscript.ld -L../../microblaze_bsp/microblaze_0/lib -mlittle-endian -mcpu=v10.0 -mxl-soft-mul -Wl,--no-relax -Wl,--gc-sections -o "microblaze.elf"  ./src/helloworld.o ./src/platform.o   -Wl,--start-group,-lxil,-lgcc,-lc,--end-group
Finished building target: microblaze.elf
 
Invoking: MicroBlaze Print Size
mb-size microblaze.elf  |tee "microblaze.elf.size"
   text	   data	    bss	    dec	    hex	filename
   9140	    312	   3108	  12560	   3110	microblaze.elf
Finished building: microblaze.elf.size
 
22:27:51 **** Incremental Build of configuration Debug for project microblaze ****
make all 
make: Nothing to be done for 'all'.
22:28:29 **** Auto Build of configuration Debug for project microblaze ****
make all 
Building file: ../src/helloworld.c
Invoking: MicroBlaze gcc compiler
mb-gcc -Wall -O0 -g3 -c -fmessage-length=0 -MT"src/helloworld.o" -I../../microblaze_bsp/microblaze_0/include -mlittle-endian -mcpu=v10.0 -mxl-soft-mul -Wl,--no-relax -ffunction-sections -fdata-sections -MMD -MP -MF"src/helloworld.d" -MT"src/helloworld.o" -o "src/helloworld.o" "../src/helloworld.c"
Finished building: ../src/helloworld.c
 
Building target: microblaze.elf
Invoking: MicroBlaze gcc linker
mb-gcc -Wl,-T -Wl,../src/lscript.ld -L../../microblaze_bsp/microblaze_0/lib -mlittle-endian -mcpu=v10.0 -mxl-soft-mul -Wl,--no-relax -Wl,--gc-sections -o "microblaze.elf"  ./src/helloworld.o ./src/platform.o   -Wl,--start-group,-lxil,-lgcc,-lc,--end-group
Finished building target: microblaze.elf
 
Invoking: MicroBlaze Print Size
mb-size microblaze.elf  |tee "microblaze.elf.size"
   text	   data	    bss	    dec	    hex	filename
   9140	    312	   3108	  12560	   3110	microblaze.elf
Finished building: microblaze.elf.size
 
22:29:35 **** Incremental Build of configuration Debug for project microblaze ****
make all 
make: Nothing to be done for 'all'.
22:29:53 **** Incremental Build of configuration Debug for project microblaze ****
make all 
make: Nothing to be done for 'all'.
22:30:03 **** Incremental Build of configuration Debug for project microblaze ****
make all 
make: Nothing to be done for 'all'.
22:30:16 **** Auto Build of configuration Debug for project microblaze ****
make all 
Building file: ../src/helloworld.c
Invoking: MicroBlaze gcc compiler
mb-gcc -Wall -O0 -g3 -c -fmessage-length=0 -MT"src/helloworld.o" -I../../microblaze_bsp/microblaze_0/include -mlittle-endian -mcpu=v10.0 -mxl-soft-mul -Wl,--no-relax -ffunction-sections -fdata-sections -MMD -MP -MF"src/helloworld.d" -MT"src/helloworld.o" -o "src/helloworld.o" "../src/helloworld.c"
Finished building: ../src/helloworld.c
 
Building target: microblaze.elf
Invoking: MicroBlaze gcc linker
mb-gcc -Wl,-T -Wl,../src/lscript.ld -L../../microblaze_bsp/microblaze_0/lib -mlittle-endian -mcpu=v10.0 -mxl-soft-mul -Wl,--no-relax -Wl,--gc-sections -o "microblaze.elf"  ./src/helloworld.o ./src/platform.o   -Wl,--start-group,-lxil,-lgcc,-lc,--end-group
Finished building target: microblaze.elf
 
Invoking: MicroBlaze Print Size
mb-size microblaze.elf  |tee "microblaze.elf.size"
   text	   data	    bss	    dec	    hex	filename
   9140	    312	   3108	  12560	   3110	microblaze.elf
Finished building: microblaze.elf.size
 
22:30:36 **** Incremental Build of configuration Debug for project microblaze ****
make all 
make: Nothing to be done for 'all'.
22:30:53 **** Incremental Build of configuration Debug for project microblaze ****
make all 
make: Nothing to be done for 'all'.
22:40:28 **** Auto Build of configuration Debug for project microblaze ****
make all 
Building file: ../src/helloworld.c
Invoking: MicroBlaze gcc compiler
mb-gcc -Wall -O0 -g3 -c -fmessage-length=0 -MT"src/helloworld.o" -I../../microblaze_bsp/microblaze_0/include -mlittle-endian -mcpu=v10.0 -mxl-soft-mul -Wl,--no-relax -ffunction-sections -fdata-sections -MMD -MP -MF"src/helloworld.d" -MT"src/helloworld.o" -o "src/helloworld.o" "../src/helloworld.c"
Finished building: ../src/helloworld.c
 
Building target: microblaze.elf
Invoking: MicroBlaze gcc linker
mb-gcc -Wl,-T -Wl,../src/lscript.ld -L../../microblaze_bsp/microblaze_0/lib -mlittle-endian -mcpu=v10.0 -mxl-soft-mul -Wl,--no-relax -Wl,--gc-sections -o "microblaze.elf"  ./src/helloworld.o ./src/platform.o   -Wl,--start-group,-lxil,-lgcc,-lc,--end-group
Finished building target: microblaze.elf
 
Invoking: MicroBlaze Print Size
mb-size microblaze.elf  |tee "microblaze.elf.size"
   text	   data	    bss	    dec	    hex	filename
   9140	    312	   3108	  12560	   3110	microblaze.elf
Finished building: microblaze.elf.size
 
22:41:01 **** Incremental Build of configuration Debug for project microblaze ****
make all 
make: Nothing to be done for 'all'.
00:14:59 **** Auto Build of configuration Debug for project microblaze ****
make all 
Building file: ../src/platform.c
Invoking: MicroBlaze gcc compiler
mb-gcc -Wall -O0 -g3 -c -fmessage-length=0 -MT"src/platform.o" -I../../microblaze_bsp/microblaze_0/include -mlittle-endian -mcpu=v10.0 -mxl-soft-mul -Wl,--no-relax -ffunction-sections -fdata-sections -MMD -MP -MF"src/platform.d" -MT"src/platform.o" -o "src/platform.o" "../src/platform.c"
Building file: ../src/helloworld.c
Invoking: MicroBlaze gcc compiler
mb-gcc -Wall -O0 -g3 -c -fmessage-length=0 -MT"src/helloworld.o" -I../../microblaze_bsp/microblaze_0/include -mlittle-endian -mcpu=v10.0 -mxl-soft-mul -Wl,--no-relax -ffunction-sections -fdata-sections -MMD -MP -MF"src/helloworld.d" -MT"src/helloworld.o" -o "src/helloworld.o" "../src/helloworld.c"
../src/platform.c:34:23: fatal error: xil_cache.h: No such file or directory
 #include "xil_cache.h"
                       ^
compilation terminated.
make: *** [src/subdir.mk:26: src/platform.o] Error 1
make: *** Waiting for unfinished jobs....
../src/helloworld.c:3:24: fatal error: xil_printf.h: No such file or directory
 #include "xil_printf.h"
                        ^
compilation terminated.
make: *** [src/subdir.mk:26: src/helloworld.o] Error 1
00:16:07 **** Auto Build of configuration Debug for project microblaze ****
make all 
Building file: ../src/helloworld.c
Building file: ../src/platform.c
Invoking: MicroBlaze gcc compiler
mb-gcc -Wall -O0 -g3 -c -fmessage-length=0 -MT"src/platform.o" -I../../microblaze_bsp/microblaze_0/include -mlittle-endian -mcpu=v10.0 -mxl-soft-mul -Wl,--no-relax -ffunction-sections -fdata-sections -MMD -MP -MF"src/platform.d" -MT"src/platform.o" -o "src/platform.o" "../src/platform.c"
Invoking: MicroBlaze gcc compiler
mb-gcc -Wall -O0 -g3 -c -fmessage-length=0 -MT"src/helloworld.o" -I../../microblaze_bsp/microblaze_0/include -mlittle-endian -mcpu=v10.0 -mxl-soft-mul -Wl,--no-relax -ffunction-sections -fdata-sections -MMD -MP -MF"src/helloworld.d" -MT"src/helloworld.o" -o "src/helloworld.o" "../src/helloworld.c"
../src/platform.c:34:23: fatal error: xil_cache.h: No such file or directory
 #include "xil_cache.h"
                       ^
compilation terminated.
make: *** [src/subdir.mk:26: src/platform.o] Error 1
make: *** Waiting for unfinished jobs....
../src/helloworld.c:3:24: fatal error: xil_printf.h: No such file or directory
 #include "xil_printf.h"
                        ^
compilation terminated.
make: *** [src/subdir.mk:26: src/helloworld.o] Error 1
00:18:45 **** Clean-only build of configuration Debug for project microblaze ****
make clean 
rm -rf  ./src/helloworld.o ./src/platform.o  ./src/helloworld.d ./src/platform.d  microblaze.elf.size  microblaze.elf
 
00:18:46 **** Clean-only build of project microblaze_bsp ****
make -k clean 
make -C microblaze_0/libsrc/cpu_v2_6/src -s clean 
make -C microblaze_0/libsrc/standalone_v6_5/src -s clean 
make -C microblaze_0/libsrc/uartlite_v3_2/src -s clean 
make -C microblaze_0/libsrc/bram_v4_2/src -s clean 
make -C microblaze_0/libsrc/intc_v3_7/src -s clean 
rm -f microblaze_0/lib/libxil.a
00:18:46 **** Build of project microblaze_bsp ****
make -k all 
Running Make include in microblaze_0/libsrc/cpu_v2_6/src
Running Make include in microblaze_0/libsrc/standalone_v6_5/src
make -C microblaze_0/libsrc/cpu_v2_6/src -s include  "SHELL=/bin/sh" "COMPILER=mb-gcc" "ARCHIVER=mb-ar" "COMPILER_FLAGS= -O2 -c -mcpu=v10.0 -mlittle-endian -mxl-soft-mul" "EXTRA_COMPILER_FLAGS=-ffunction-sections -fdata-sections -Wall -Wextra"
make -C microblaze_0/libsrc/standalone_v6_5/src -s include  "SHELL=/bin/sh" "COMPILER=mb-gcc" "ARCHIVER=mb-ar" "COMPILER_FLAGS= -O2 -c -mcpu=v10.0 -mlittle-endian -mxl-soft-mul" "EXTRA_COMPILER_FLAGS=-ffunction-sections -fdata-sections -Wall -Wextra"
Running Make include in microblaze_0/libsrc/uartlite_v3_2/src
make -C microblaze_0/libsrc/uartlite_v3_2/src -s include  "SHELL=/bin/sh" "COMPILER=mb-gcc" "ARCHIVER=mb-ar" "COMPILER_FLAGS= -O2 -c -mcpu=v10.0 -mlittle-endian -mxl-soft-mul" "EXTRA_COMPILER_FLAGS=-ffunction-sections -fdata-sections -Wall -Wextra"
Running Make include in microblaze_0/libsrc/bram_v4_2/src
make -C microblaze_0/libsrc/bram_v4_2/src -s include  "SHELL=/bin/sh" "COMPILER=mb-gcc" "ARCHIVER=mb-ar" "COMPILER_FLAGS= -O2 -c -mcpu=v10.0 -mlittle-endian -mxl-soft-mul" "EXTRA_COMPILER_FLAGS=-ffunction-sections -fdata-sections -Wall -Wextra"
Running Make include in microblaze_0/libsrc/intc_v3_7/src
make -C microblaze_0/libsrc/intc_v3_7/src -s include  "SHELL=/bin/sh" "COMPILER=mb-gcc" "ARCHIVER=mb-ar" "COMPILER_FLAGS= -O2 -c -mcpu=v10.0 -mlittle-endian -mxl-soft-mul" "EXTRA_COMPILER_FLAGS=-ffunction-sections -fdata-sections -Wall -Wextra"
Running Make libs in microblaze_0/libsrc/cpu_v2_6/src
make -C microblaze_0/libsrc/cpu_v2_6/src -s libs  "SHELL=/bin/sh" "COMPILER=mb-gcc" "ARCHIVER=mb-ar" "COMPILER_FLAGS= -O2 -c -mcpu=v10.0 -mlittle-endian -mxl-soft-mul" "EXTRA_COMPILER_FLAGS=-ffunction-sections -fdata-sections -Wall -Wextra"
Running Make libs in microblaze_0/libsrc/standalone_v6_5/src
make -C microblaze_0/libsrc/standalone_v6_5/src -s libs  "SHELL=/bin/sh" "COMPILER=mb-gcc" "ARCHIVER=mb-ar" "COMPILER_FLAGS= -O2 -c -mcpu=v10.0 -mlittle-endian -mxl-soft-mul" "EXTRA_COMPILER_FLAGS=-ffunction-sections -fdata-sections -Wall -Wextra"
Running Make libs in microblaze_0/libsrc/uartlite_v3_2/src
make -C microblaze_0/libsrc/uartlite_v3_2/src -s libs  "SHELL=/bin/sh" "COMPILER=mb-gcc" "ARCHIVER=mb-ar" "COMPILER_FLAGS= -O2 -c -mcpu=v10.0 -mlittle-endian -mxl-soft-mul" "EXTRA_COMPILER_FLAGS=-ffunction-sections -fdata-sections -Wall -Wextra"
Compiling cpu
Running Make libs in microblaze_0/libsrc/bram_v4_2/src
make -C microblaze_0/libsrc/bram_v4_2/src -s libs  "SHELL=/bin/sh" "COMPILER=mb-gcc" "ARCHIVER=mb-ar" "COMPILER_FLAGS= -O2 -c -mcpu=v10.0 -mlittle-endian -mxl-soft-mul" "EXTRA_COMPILER_FLAGS=-ffunction-sections -fdata-sections -Wall -Wextra"
Compiling standalone
Compiling uartlite
Compiling bram
mb-ar: creating ../../../lib/libxil.a
make[2]: warning: jobserver unavailable: using -j1.  Add '+' to parent make rule.
Running Make libs in microblaze_0/libsrc/intc_v3_7/src
make -C microblaze_0/libsrc/intc_v3_7/src -s libs  "SHELL=/bin/sh" "COMPILER=mb-gcc" "ARCHIVER=mb-ar" "COMPILER_FLAGS= -O2 -c -mcpu=v10.0 -mlittle-endian -mxl-soft-mul" "EXTRA_COMPILER_FLAGS=-ffunction-sections -fdata-sections -Wall -Wextra"
Compiling intc
make[2]: warning: jobserver unavailable: using -j1.  Add '+' to parent make rule.
make[2]: warning: jobserver unavailable: using -j1.  Add '+' to parent make rule.
make[2]: warning: jobserver unavailable: using -j1.  Add '+' to parent make rule.
Finished building libraries
00:18:47 **** Build of configuration Debug for project microblaze ****
make all 
Building file: ../src/helloworld.c
Building file: ../src/platform.c
Invoking: MicroBlaze gcc compiler
mb-gcc -Wall -O0 -g3 -c -fmessage-length=0 -MT"src/helloworld.o" -I../../microblaze_bsp/microblaze_0/include -mlittle-endian -mcpu=v10.0 -mxl-soft-mul -Wl,--no-relax -ffunction-sections -fdata-sections -MMD -MP -MF"src/helloworld.d" -MT"src/helloworld.o" -o "src/helloworld.o" "../src/helloworld.c"
Invoking: MicroBlaze gcc compiler
mb-gcc -Wall -O0 -g3 -c -fmessage-length=0 -MT"src/platform.o" -I../../microblaze_bsp/microblaze_0/include -mlittle-endian -mcpu=v10.0 -mxl-soft-mul -Wl,--no-relax -ffunction-sections -fdata-sections -MMD -MP -MF"src/platform.d" -MT"src/platform.o" -o "src/platform.o" "../src/platform.c"
Finished building: ../src/platform.c
 
Finished building: ../src/helloworld.c
 
Building target: microblaze.elf
Invoking: MicroBlaze gcc linker
mb-gcc -Wl,-T -Wl,../src/lscript.ld -L../../microblaze_bsp/microblaze_0/lib -mlittle-endian -mcpu=v10.0 -mxl-soft-mul -Wl,--no-relax -Wl,--gc-sections -o "microblaze.elf"  ./src/helloworld.o ./src/platform.o   -Wl,--start-group,-lxil,-lgcc,-lc,--end-group
Finished building target: microblaze.elf
 
Invoking: MicroBlaze Print Size
mb-size microblaze.elf  |tee "microblaze.elf.size"
   text	   data	    bss	    dec	    hex	filename
   9140	    312	   3108	  12560	   3110	microblaze.elf
Finished building: microblaze.elf.size
 
00:20:20 **** Incremental Build of configuration Debug for project microblaze ****
make all 
make: Nothing to be done for 'all'.
00:28:10 **** Auto Build of configuration Debug for project microblaze ****
make all 
Building file: ../src/helloworld.c
Invoking: MicroBlaze gcc compiler
mb-gcc -Wall -O0 -g3 -c -fmessage-length=0 -MT"src/helloworld.o" -I../../microblaze_bsp/microblaze_0/include -mlittle-endian -mcpu=v10.0 -mxl-soft-mul -Wl,--no-relax -ffunction-sections -fdata-sections -MMD -MP -MF"src/helloworld.d" -MT"src/helloworld.o" -o "src/helloworld.o" "../src/helloworld.c"
Finished building: ../src/helloworld.c
 
Building target: microblaze.elf
Invoking: MicroBlaze gcc linker
mb-gcc -Wl,-T -Wl,../src/lscript.ld -L../../microblaze_bsp/microblaze_0/lib -mlittle-endian -mcpu=v10.0 -mxl-soft-mul -Wl,--no-relax -Wl,--gc-sections -o "microblaze.elf"  ./src/helloworld.o ./src/platform.o   -Wl,--start-group,-lxil,-lgcc,-lc,--end-group
Finished building target: microblaze.elf
 
Invoking: MicroBlaze Print Size
mb-size microblaze.elf  |tee "microblaze.elf.size"
   text	   data	    bss	    dec	    hex	filename
   9140	    312	   3108	  12560	   3110	microblaze.elf
Finished building: microblaze.elf.size
 
00:28:19 **** Incremental Build of configuration Debug for project microblaze ****
make all 
make: Nothing to be done for 'all'.
00:28:45 **** Auto Build of configuration Debug for project microblaze ****
make all 
Building file: ../src/helloworld.c
Invoking: MicroBlaze gcc compiler
mb-gcc -Wall -O0 -g3 -c -fmessage-length=0 -MT"src/helloworld.o" -I../../microblaze_bsp/microblaze_0/include -mlittle-endian -mcpu=v10.0 -mxl-soft-mul -Wl,--no-relax -ffunction-sections -fdata-sections -MMD -MP -MF"src/helloworld.d" -MT"src/helloworld.o" -o "src/helloworld.o" "../src/helloworld.c"
Finished building: ../src/helloworld.c
 
Building target: microblaze.elf
Invoking: MicroBlaze gcc linker
mb-gcc -Wl,-T -Wl,../src/lscript.ld -L../../microblaze_bsp/microblaze_0/lib -mlittle-endian -mcpu=v10.0 -mxl-soft-mul -Wl,--no-relax -Wl,--gc-sections -o "microblaze.elf"  ./src/helloworld.o ./src/platform.o   -Wl,--start-group,-lxil,-lgcc,-lc,--end-group
Finished building target: microblaze.elf
 
Invoking: MicroBlaze Print Size
mb-size microblaze.elf  |tee "microblaze.elf.size"
   text	   data	    bss	    dec	    hex	filename
   9140	    312	   3108	  12560	   3110	microblaze.elf
Finished building: microblaze.elf.size
 
00:30:05 **** Auto Build of configuration Debug for project microblaze ****
make all 
Building file: ../src/helloworld.c
Invoking: MicroBlaze gcc compiler
mb-gcc -Wall -O0 -g3 -c -fmessage-length=0 -MT"src/helloworld.o" -I../../microblaze_bsp/microblaze_0/include -mlittle-endian -mcpu=v10.0 -mxl-soft-mul -Wl,--no-relax -ffunction-sections -fdata-sections -MMD -MP -MF"src/helloworld.d" -MT"src/helloworld.o" -o "src/helloworld.o" "../src/helloworld.c"
Finished building: ../src/helloworld.c
 
Building target: microblaze.elf
Invoking: MicroBlaze gcc linker
mb-gcc -Wl,-T -Wl,../src/lscript.ld -L../../microblaze_bsp/microblaze_0/lib -mlittle-endian -mcpu=v10.0 -mxl-soft-mul -Wl,--no-relax -Wl,--gc-sections -o "microblaze.elf"  ./src/helloworld.o ./src/platform.o   -Wl,--start-group,-lxil,-lgcc,-lc,--end-group
Finished building target: microblaze.elf
 
Invoking: MicroBlaze Print Size
mb-size microblaze.elf  |tee "microblaze.elf.size"
   text	   data	    bss	    dec	    hex	filename
   9140	    312	   3108	  12560	   3110	microblaze.elf
Finished building: microblaze.elf.size
 
00:31:03 **** Auto Build of configuration Debug for project microblaze ****
make all 
Building file: ../src/helloworld.c
Invoking: MicroBlaze gcc compiler
mb-gcc -Wall -O0 -g3 -c -fmessage-length=0 -MT"src/helloworld.o" -I../../microblaze_bsp/microblaze_0/include -mlittle-endian -mcpu=v10.0 -mxl-soft-mul -Wl,--no-relax -ffunction-sections -fdata-sections -MMD -MP -MF"src/helloworld.d" -MT"src/helloworld.o" -o "src/helloworld.o" "../src/helloworld.c"
Finished building: ../src/helloworld.c
 
Building target: microblaze.elf
Invoking: MicroBlaze gcc linker
mb-gcc -Wl,-T -Wl,../src/lscript.ld -L../../microblaze_bsp/microblaze_0/lib -mlittle-endian -mcpu=v10.0 -mxl-soft-mul -Wl,--no-relax -Wl,--gc-sections -o "microblaze.elf"  ./src/helloworld.o ./src/platform.o   -Wl,--start-group,-lxil,-lgcc,-lc,--end-group
Finished building target: microblaze.elf
 
Invoking: MicroBlaze Print Size
mb-size microblaze.elf  |tee "microblaze.elf.size"
   text	   data	    bss	    dec	    hex	filename
   9140	    312	   3108	  12560	   3110	microblaze.elf
Finished building: microblaze.elf.size
 
00:31:13 **** Incremental Build of configuration Debug for project microblaze ****
make all 
make: Nothing to be done for 'all'.
00:31:20 **** Incremental Build of configuration Debug for project microblaze ****
make all 
make: Nothing to be done for 'all'.
00:33:49 **** Auto Build of configuration Debug for project microblaze ****
make all 
Building file: ../src/helloworld.c
Invoking: MicroBlaze gcc compiler
mb-gcc -Wall -O0 -g3 -c -fmessage-length=0 -MT"src/helloworld.o" -I../../microblaze_bsp/microblaze_0/include -mlittle-endian -mcpu=v10.0 -mxl-soft-mul -Wl,--no-relax -ffunction-sections -fdata-sections -MMD -MP -MF"src/helloworld.d" -MT"src/helloworld.o" -o "src/helloworld.o" "../src/helloworld.c"
Finished building: ../src/helloworld.c
 
Building target: microblaze.elf
Invoking: MicroBlaze gcc linker
mb-gcc -Wl,-T -Wl,../src/lscript.ld -L../../microblaze_bsp/microblaze_0/lib -mlittle-endian -mcpu=v10.0 -mxl-soft-mul -Wl,--no-relax -Wl,--gc-sections -o "microblaze.elf"  ./src/helloworld.o ./src/platform.o   -Wl,--start-group,-lxil,-lgcc,-lc,--end-group
Finished building target: microblaze.elf
 
Invoking: MicroBlaze Print Size
mb-size microblaze.elf  |tee "microblaze.elf.size"
   text	   data	    bss	    dec	    hex	filename
   9140	    312	   3108	  12560	   3110	microblaze.elf
Finished building: microblaze.elf.size
 
00:33:54 **** Incremental Build of configuration Debug for project microblaze ****
make all 
make: Nothing to be done for 'all'.
00:34:03 **** Incremental Build of configuration Debug for project microblaze ****
make all 
make: Nothing to be done for 'all'.
15:33:38 **** Auto Build of configuration Debug for project microblaze ****
make all 
Building file: ../src/helloworld.c
Building file: ../src/platform.c
Invoking: MicroBlaze gcc compiler
mb-gcc -Wall -O0 -g3 -c -fmessage-length=0 -MT"src/platform.o" -I../../microblaze_bsp/microblaze_0/include -mlittle-endian -mcpu=v10.0 -mxl-soft-mul -Wl,--no-relax -ffunction-sections -fdata-sections -MMD -MP -MF"src/platform.d" -MT"src/platform.o" -o "src/platform.o" "../src/platform.c"
Invoking: MicroBlaze gcc compiler
mb-gcc -Wall -O0 -g3 -c -fmessage-length=0 -MT"src/helloworld.o" -I../../microblaze_bsp/microblaze_0/include -mlittle-endian -mcpu=v10.0 -mxl-soft-mul -Wl,--no-relax -ffunction-sections -fdata-sections -MMD -MP -MF"src/helloworld.d" -MT"src/helloworld.o" -o "src/helloworld.o" "../src/helloworld.c"
../src/platform.c:34:23: fatal error: xil_cache.h: No such file or directory
 #include "xil_cache.h"
                       ^
compilation terminated.
make: *** [src/subdir.mk:26: src/platform.o] Error 1
make: *** Waiting for unfinished jobs....
../src/helloworld.c:3:24: fatal error: xil_printf.h: No such file or directory
 #include "xil_printf.h"
                        ^
compilation terminated.
make: *** [src/subdir.mk:26: src/helloworld.o] Error 1
15:37:15 **** Auto Build of configuration Debug for project microblaze ****
make all 
Building file: ../src/helloworld.c
Building file: ../src/platform.c
Invoking: MicroBlaze gcc compiler
mb-gcc -Wall -O0 -g3 -c -fmessage-length=0 -MT"src/helloworld.o" -I../../microblaze_bsp/microblaze_0/include -mlittle-endian -mcpu=v10.0 -mxl-soft-mul -Wl,--no-relax -ffunction-sections -fdata-sections -MMD -MP -MF"src/helloworld.d" -MT"src/helloworld.o" -o "src/helloworld.o" "../src/helloworld.c"
Invoking: MicroBlaze gcc compiler
mb-gcc -Wall -O0 -g3 -c -fmessage-length=0 -MT"src/platform.o" -I../../microblaze_bsp/microblaze_0/include -mlittle-endian -mcpu=v10.0 -mxl-soft-mul -Wl,--no-relax -ffunction-sections -fdata-sections -MMD -MP -MF"src/platform.d" -MT"src/platform.o" -o "src/platform.o" "../src/platform.c"
../src/platform.c:34:23: fatal error: xil_cache.h: No such file or directory
 #include "xil_cache.h"
                       ^
compilation terminated.
make: *** [src/subdir.mk:26: src/platform.o] Error 1
make: *** Waiting for unfinished jobs....
../src/helloworld.c:3:24: fatal error: xil_printf.h: No such file or directory
 #include "xil_printf.h"
                        ^
compilation terminated.
make: *** [src/subdir.mk:26: src/helloworld.o] Error 1
15:38:49 **** Clean-only build of configuration Debug for project microblaze ****
make clean 
rm -rf  ./src/helloworld.o ./src/platform.o  ./src/helloworld.d ./src/platform.d  microblaze.elf.size  microblaze.elf
 
15:38:49 **** Clean-only build of project microblaze_bsp ****
make -k clean 
make -C microblaze_0/libsrc/cpu_v2_6/src -s clean 
make -C microblaze_0/libsrc/standalone_v6_5/src -s clean 
make -C microblaze_0/libsrc/uartlite_v3_2/src -s clean 
make -C microblaze_0/libsrc/bram_v4_2/src -s clean 
make -C microblaze_0/libsrc/intc_v3_7/src -s clean 
rm -f microblaze_0/lib/libxil.a
15:38:49 **** Build of project microblaze_bsp ****
make -k all 
Running Make include in microblaze_0/libsrc/standalone_v6_5/src
make -C microblaze_0/libsrc/standalone_v6_5/src -s include  "SHELL=/bin/sh" "COMPILER=mb-gcc" "ARCHIVER=mb-ar" "COMPILER_FLAGS= -O2 -c -mcpu=v10.0 -mlittle-endian -mxl-soft-mul" "EXTRA_COMPILER_FLAGS=-ffunction-sections -fdata-sections -Wall -Wextra"
Running Make include in microblaze_0/libsrc/cpu_v2_6/src
make -C microblaze_0/libsrc/cpu_v2_6/src -s include  "SHELL=/bin/sh" "COMPILER=mb-gcc" "ARCHIVER=mb-ar" "COMPILER_FLAGS= -O2 -c -mcpu=v10.0 -mlittle-endian -mxl-soft-mul" "EXTRA_COMPILER_FLAGS=-ffunction-sections -fdata-sections -Wall -Wextra"
Running Make include in microblaze_0/libsrc/uartlite_v3_2/src
make -C microblaze_0/libsrc/uartlite_v3_2/src -s include  "SHELL=/bin/sh" "COMPILER=mb-gcc" "ARCHIVER=mb-ar" "COMPILER_FLAGS= -O2 -c -mcpu=v10.0 -mlittle-endian -mxl-soft-mul" "EXTRA_COMPILER_FLAGS=-ffunction-sections -fdata-sections -Wall -Wextra"
Running Make include in microblaze_0/libsrc/bram_v4_2/src
make -C microblaze_0/libsrc/bram_v4_2/src -s include  "SHELL=/bin/sh" "COMPILER=mb-gcc" "ARCHIVER=mb-ar" "COMPILER_FLAGS= -O2 -c -mcpu=v10.0 -mlittle-endian -mxl-soft-mul" "EXTRA_COMPILER_FLAGS=-ffunction-sections -fdata-sections -Wall -Wextra"
Running Make include in microblaze_0/libsrc/intc_v3_7/src
make -C microblaze_0/libsrc/intc_v3_7/src -s include  "SHELL=/bin/sh" "COMPILER=mb-gcc" "ARCHIVER=mb-ar" "COMPILER_FLAGS= -O2 -c -mcpu=v10.0 -mlittle-endian -mxl-soft-mul" "EXTRA_COMPILER_FLAGS=-ffunction-sections -fdata-sections -Wall -Wextra"
Running Make libs in microblaze_0/libsrc/cpu_v2_6/src
make -C microblaze_0/libsrc/cpu_v2_6/src -s libs  "SHELL=/bin/sh" "COMPILER=mb-gcc" "ARCHIVER=mb-ar" "COMPILER_FLAGS= -O2 -c -mcpu=v10.0 -mlittle-endian -mxl-soft-mul" "EXTRA_COMPILER_FLAGS=-ffunction-sections -fdata-sections -Wall -Wextra"
Running Make libs in microblaze_0/libsrc/standalone_v6_5/src
Running Make libs in microblaze_0/libsrc/uartlite_v3_2/src
make -C microblaze_0/libsrc/standalone_v6_5/src -s libs  "SHELL=/bin/sh" "COMPILER=mb-gcc" "ARCHIVER=mb-ar" "COMPILER_FLAGS= -O2 -c -mcpu=v10.0 -mlittle-endian -mxl-soft-mul" "EXTRA_COMPILER_FLAGS=-ffunction-sections -fdata-sections -Wall -Wextra"
make -C microblaze_0/libsrc/uartlite_v3_2/src -s libs  "SHELL=/bin/sh" "COMPILER=mb-gcc" "ARCHIVER=mb-ar" "COMPILER_FLAGS= -O2 -c -mcpu=v10.0 -mlittle-endian -mxl-soft-mul" "EXTRA_COMPILER_FLAGS=-ffunction-sections -fdata-sections -Wall -Wextra"
Running Make libs in microblaze_0/libsrc/bram_v4_2/src
make -C microblaze_0/libsrc/bram_v4_2/src -s libs  "SHELL=/bin/sh" "COMPILER=mb-gcc" "ARCHIVER=mb-ar" "COMPILER_FLAGS= -O2 -c -mcpu=v10.0 -mlittle-endian -mxl-soft-mul" "EXTRA_COMPILER_FLAGS=-ffunction-sections -fdata-sections -Wall -Wextra"
Compiling cpu
Compiling standalone
Compiling uartlite
Compiling bram
mb-ar: creating ../../../lib/libxil.a
make[2]: warning: jobserver unavailable: using -j1.  Add '+' to parent make rule.
Running Make libs in microblaze_0/libsrc/intc_v3_7/src
make -C microblaze_0/libsrc/intc_v3_7/src -s libs  "SHELL=/bin/sh" "COMPILER=mb-gcc" "ARCHIVER=mb-ar" "COMPILER_FLAGS= -O2 -c -mcpu=v10.0 -mlittle-endian -mxl-soft-mul" "EXTRA_COMPILER_FLAGS=-ffunction-sections -fdata-sections -Wall -Wextra"
Compiling intc
make[2]: warning: jobserver unavailable: using -j1.  Add '+' to parent make rule.
make[2]: warning: jobserver unavailable: using -j1.  Add '+' to parent make rule.
make[2]: warning: jobserver unavailable: using -j1.  Add '+' to parent make rule.
Finished building libraries
15:38:51 **** Build of configuration Debug for project microblaze ****
make all 
Building file: ../src/platform.c
Building file: ../src/helloworld.c
Invoking: MicroBlaze gcc compiler
mb-gcc -Wall -O0 -g3 -c -fmessage-length=0 -MT"src/platform.o" -I../../microblaze_bsp/microblaze_0/include -mlittle-endian -mcpu=v10.0 -mxl-soft-mul -Wl,--no-relax -ffunction-sections -fdata-sections -MMD -MP -MF"src/platform.d" -MT"src/platform.o" -o "src/platform.o" "../src/platform.c"
Invoking: MicroBlaze gcc compiler
mb-gcc -Wall -O0 -g3 -c -fmessage-length=0 -MT"src/helloworld.o" -I../../microblaze_bsp/microblaze_0/include -mlittle-endian -mcpu=v10.0 -mxl-soft-mul -Wl,--no-relax -ffunction-sections -fdata-sections -MMD -MP -MF"src/helloworld.d" -MT"src/helloworld.o" -o "src/helloworld.o" "../src/helloworld.c"
Finished building: ../src/platform.c
 
Finished building: ../src/helloworld.c
 
Building target: microblaze.elf
Invoking: MicroBlaze gcc linker
mb-gcc -Wl,-T -Wl,../src/lscript.ld -L../../microblaze_bsp/microblaze_0/lib -mlittle-endian -mcpu=v10.0 -mxl-soft-mul -Wl,--no-relax -Wl,--gc-sections -o "microblaze.elf"  ./src/helloworld.o ./src/platform.o   -Wl,--start-group,-lxil,-lgcc,-lc,--end-group
Finished building target: microblaze.elf
 
Invoking: MicroBlaze Print Size
mb-size microblaze.elf  |tee "microblaze.elf.size"
   text	   data	    bss	    dec	    hex	filename
   9140	    312	   3108	  12560	   3110	microblaze.elf
Finished building: microblaze.elf.size
 
15:42:09 **** Auto Build of configuration Debug for project microblaze ****
make all 
Building file: ../src/helloworld.c
Invoking: MicroBlaze gcc compiler
mb-gcc -Wall -O0 -g3 -c -fmessage-length=0 -MT"src/helloworld.o" -I../../microblaze_bsp/microblaze_0/include -mlittle-endian -mcpu=v10.0 -mxl-soft-mul -Wl,--no-relax -ffunction-sections -fdata-sections -MMD -MP -MF"src/helloworld.d" -MT"src/helloworld.o" -o "src/helloworld.o" "../src/helloworld.c"
Finished building: ../src/helloworld.c
 
Building target: microblaze.elf
Invoking: MicroBlaze gcc linker
mb-gcc -Wl,-T -Wl,../src/lscript.ld -L../../microblaze_bsp/microblaze_0/lib -mlittle-endian -mcpu=v10.0 -mxl-soft-mul -Wl,--no-relax -Wl,--gc-sections -o "microblaze.elf"  ./src/helloworld.o ./src/platform.o   -Wl,--start-group,-lxil,-lgcc,-lc,--end-group
Finished building target: microblaze.elf
 
Invoking: MicroBlaze Print Size
mb-size microblaze.elf  |tee "microblaze.elf.size"
   text	   data	    bss	    dec	    hex	filename
   9140	    312	   3108	  12560	   3110	microblaze.elf
Finished building: microblaze.elf.size
 
15:42:29 **** Incremental Build of configuration Debug for project microblaze ****
make all 
make: Nothing to be done for 'all'.
16:05:25 **** Auto Build of configuration Debug for project microblaze ****
make all 
Building file: ../src/helloworld.c
Invoking: MicroBlaze gcc compiler
mb-gcc -Wall -O0 -g3 -c -fmessage-length=0 -MT"src/helloworld.o" -I../../microblaze_bsp/microblaze_0/include -mlittle-endian -mcpu=v10.0 -mxl-soft-mul -Wl,--no-relax -ffunction-sections -fdata-sections -MMD -MP -MF"src/helloworld.d" -MT"src/helloworld.o" -o "src/helloworld.o" "../src/helloworld.c"
Finished building: ../src/helloworld.c
 
Building target: microblaze.elf
Invoking: MicroBlaze gcc linker
mb-gcc -Wl,-T -Wl,../src/lscript.ld -L../../microblaze_bsp/microblaze_0/lib -mlittle-endian -mcpu=v10.0 -mxl-soft-mul -Wl,--no-relax -Wl,--gc-sections -o "microblaze.elf"  ./src/helloworld.o ./src/platform.o   -Wl,--start-group,-lxil,-lgcc,-lc,--end-group
Finished building target: microblaze.elf
 
Invoking: MicroBlaze Print Size
mb-size microblaze.elf  |tee "microblaze.elf.size"
   text	   data	    bss	    dec	    hex	filename
   9140	    312	   3108	  12560	   3110	microblaze.elf
Finished building: microblaze.elf.size
 
16:05:31 **** Incremental Build of configuration Debug for project microblaze ****
make all 
make: Nothing to be done for 'all'.
16:05:43 **** Incremental Build of configuration Debug for project microblaze ****
make all 
make: Nothing to be done for 'all'.
16:28:05 **** Auto Build of configuration Debug for project microblaze ****
make all 
Building file: ../src/helloworld.c
Building file: ../src/platform.c
Invoking: MicroBlaze gcc compiler
mb-gcc -Wall -O0 -g3 -c -fmessage-length=0 -MT"src/helloworld.o" -I../../microblaze_bsp/microblaze_0/include -mlittle-endian -mcpu=v10.0 -mxl-soft-mul -Wl,--no-relax -ffunction-sections -fdata-sections -MMD -MP -MF"src/helloworld.d" -MT"src/helloworld.o" -o "src/helloworld.o" "../src/helloworld.c"
Invoking: MicroBlaze gcc compiler
mb-gcc -Wall -O0 -g3 -c -fmessage-length=0 -MT"src/platform.o" -I../../microblaze_bsp/microblaze_0/include -mlittle-endian -mcpu=v10.0 -mxl-soft-mul -Wl,--no-relax -ffunction-sections -fdata-sections -MMD -MP -MF"src/platform.d" -MT"src/platform.o" -o "src/platform.o" "../src/platform.c"
../src/platform.c:34:23: fatal error: xil_cache.h: No such file or directory
 #include "xil_cache.h"
                       ^
compilation terminated.
[...]
   text	   data	    bss	    dec	    hex	filename
   9320	    312	   3104	  12736	   31c0	microblaze.elf
Finished building: microblaze.elf.size
 
02:10:15 **** Auto Build of configuration Debug for project microblaze ****
make all 
Building file: ../src/helloworld.c
Invoking: MicroBlaze gcc compiler
mb-gcc -Wall -O0 -g3 -c -fmessage-length=0 -MT"src/helloworld.o" -I../../microblaze_bsp/microblaze_0/include -mlittle-endian -mcpu=v10.0 -mxl-soft-mul -Wl,--no-relax -ffunction-sections -fdata-sections -MMD -MP -MF"src/helloworld.d" -MT"src/helloworld.o" -o "src/helloworld.o" "../src/helloworld.c"
Finished building: ../src/helloworld.c
 
Building target: microblaze.elf
Invoking: MicroBlaze gcc linker
mb-gcc -Wl,-T -Wl,../src/lscript.ld -L../../microblaze_bsp/microblaze_0/lib -mlittle-endian -mcpu=v10.0 -mxl-soft-mul -Wl,--no-relax -Wl,--gc-sections -o "microblaze.elf"  ./src/helloworld.o ./src/platform.o   -Wl,--start-group,-lxil,-lgcc,-lc,--end-group
Finished building target: microblaze.elf
 
Invoking: MicroBlaze Print Size
mb-size microblaze.elf  |tee "microblaze.elf.size"
   text	   data	    bss	    dec	    hex	filename
   9320	    312	   3104	  12736	   31c0	microblaze.elf
Finished building: microblaze.elf.size
 
02:10:29 **** Auto Build of configuration Debug for project microblaze ****
make all 
Building file: ../src/helloworld.c
Invoking: MicroBlaze gcc compiler
mb-gcc -Wall -O0 -g3 -c -fmessage-length=0 -MT"src/helloworld.o" -I../../microblaze_bsp/microblaze_0/include -mlittle-endian -mcpu=v10.0 -mxl-soft-mul -Wl,--no-relax -ffunction-sections -fdata-sections -MMD -MP -MF"src/helloworld.d" -MT"src/helloworld.o" -o "src/helloworld.o" "../src/helloworld.c"
Finished building: ../src/helloworld.c
 
Building target: microblaze.elf
Invoking: MicroBlaze gcc linker
mb-gcc -Wl,-T -Wl,../src/lscript.ld -L../../microblaze_bsp/microblaze_0/lib -mlittle-endian -mcpu=v10.0 -mxl-soft-mul -Wl,--no-relax -Wl,--gc-sections -o "microblaze.elf"  ./src/helloworld.o ./src/platform.o   -Wl,--start-group,-lxil,-lgcc,-lc,--end-group
Finished building target: microblaze.elf
 
Invoking: MicroBlaze Print Size
mb-size microblaze.elf  |tee "microblaze.elf.size"
   text	   data	    bss	    dec	    hex	filename
   9236	    312	   3108	  12656	   3170	microblaze.elf
Finished building: microblaze.elf.size
 
02:11:01 **** Auto Build of configuration Debug for project microblaze ****
make all 
Building file: ../src/helloworld.c
Invoking: MicroBlaze gcc compiler
mb-gcc -Wall -O0 -g3 -c -fmessage-length=0 -MT"src/helloworld.o" -I../../microblaze_bsp/microblaze_0/include -mlittle-endian -mcpu=v10.0 -mxl-soft-mul -Wl,--no-relax -ffunction-sections -fdata-sections -MMD -MP -MF"src/helloworld.d" -MT"src/helloworld.o" -o "src/helloworld.o" "../src/helloworld.c"
Finished building: ../src/helloworld.c
 
Building target: microblaze.elf
Invoking: MicroBlaze gcc linker
mb-gcc -Wl,-T -Wl,../src/lscript.ld -L../../microblaze_bsp/microblaze_0/lib -mlittle-endian -mcpu=v10.0 -mxl-soft-mul -Wl,--no-relax -Wl,--gc-sections -o "microblaze.elf"  ./src/helloworld.o ./src/platform.o   -Wl,--start-group,-lxil,-lgcc,-lc,--end-group
Finished building target: microblaze.elf
 
Invoking: MicroBlaze Print Size
mb-size microblaze.elf  |tee "microblaze.elf.size"
   text	   data	    bss	    dec	    hex	filename
   9236	    312	   3108	  12656	   3170	microblaze.elf
Finished building: microblaze.elf.size
 
02:11:40 **** Auto Build of configuration Debug for project microblaze ****
make all 
Building file: ../src/helloworld.c
Invoking: MicroBlaze gcc compiler
mb-gcc -Wall -O0 -g3 -c -fmessage-length=0 -MT"src/helloworld.o" -I../../microblaze_bsp/microblaze_0/include -mlittle-endian -mcpu=v10.0 -mxl-soft-mul -Wl,--no-relax -ffunction-sections -fdata-sections -MMD -MP -MF"src/helloworld.d" -MT"src/helloworld.o" -o "src/helloworld.o" "../src/helloworld.c"
../src/helloworld.c: In function 'main':
../src/helloworld.c:177:6: error: expected '=', ',', ';', 'asm' or '__attribute__' before 'for'
      for (int l = 0; l < CONSTANT_N; l++) {
      ^~~
../src/helloworld.c:179:7: error: 'Told' undeclared (first use in this function)
       Told
       ^~~~
../src/helloworld.c:179:7: note: each undeclared identifier is reported only once for each function it appears in
../src/helloworld.c:180:6: error: expected ';' before '}' token
      }
      ^
make: *** [src/subdir.mk:26: src/helloworld.o] Error 1
02:11:50 **** Auto Build of configuration Debug for project microblaze ****
make all 
Building file: ../src/helloworld.c
Invoking: MicroBlaze gcc compiler
mb-gcc -Wall -O0 -g3 -c -fmessage-length=0 -MT"src/helloworld.o" -I../../microblaze_bsp/microblaze_0/include -mlittle-endian -mcpu=v10.0 -mxl-soft-mul -Wl,--no-relax -ffunction-sections -fdata-sections -MMD -MP -MF"src/helloworld.d" -MT"src/helloworld.o" -o "src/helloworld.o" "../src/helloworld.c"
../src/helloworld.c: In function 'main':
../src/helloworld.c:177:6: error: expected '=', ',', ';', 'asm' or '__attribute__' before 'for'
      for (int l = 0; l < CONSTANT_N; l++) {
      ^~~
../src/helloworld.c:179:7: error: 'Told' undeclared (first use in this function)
       Told[l] = T[l];
       ^~~~
../src/helloworld.c:179:7: note: each undeclared identifier is reported only once for each function it appears in
make: *** [src/subdir.mk:26: src/helloworld.o] Error 1
02:11:55 **** Auto Build of configuration Debug for project microblaze ****
make all 
Building file: ../src/helloworld.c
Invoking: MicroBlaze gcc compiler
mb-gcc -Wall -O0 -g3 -c -fmessage-length=0 -MT"src/helloworld.o" -I../../microblaze_bsp/microblaze_0/include -mlittle-endian -mcpu=v10.0 -mxl-soft-mul -Wl,--no-relax -ffunction-sections -fdata-sections -MMD -MP -MF"src/helloworld.d" -MT"src/helloworld.o" -o "src/helloworld.o" "../src/helloworld.c"
../src/helloworld.c: In function 'main':
../src/helloworld.c:176:32: warning: variable 'Told' set but not used [-Wunused-but-set-variable]
      int Tnew[CONSTANT_N]; int Told[CONSTANT_N];
                                ^~~~
Finished building: ../src/helloworld.c
 
Building target: microblaze.elf
Invoking: MicroBlaze gcc linker
mb-gcc -Wl,-T -Wl,../src/lscript.ld -L../../microblaze_bsp/microblaze_0/lib -mlittle-endian -mcpu=v10.0 -mxl-soft-mul -Wl,--no-relax -Wl,--gc-sections -o "microblaze.elf"  ./src/helloworld.o ./src/platform.o   -Wl,--start-group,-lxil,-lgcc,-lc,--end-group
Finished building target: microblaze.elf
 
Invoking: MicroBlaze Print Size
mb-size microblaze.elf  |tee "microblaze.elf.size"
   text	   data	    bss	    dec	    hex	filename
   9292	    312	   3108	  12712	   31a8	microblaze.elf
Finished building: microblaze.elf.size
 
02:11:58 **** Auto Build of configuration Debug for project microblaze ****
make all 
Building file: ../src/helloworld.c
Invoking: MicroBlaze gcc compiler
mb-gcc -Wall -O0 -g3 -c -fmessage-length=0 -MT"src/helloworld.o" -I../../microblaze_bsp/microblaze_0/include -mlittle-endian -mcpu=v10.0 -mxl-soft-mul -Wl,--no-relax -ffunction-sections -fdata-sections -MMD -MP -MF"src/helloworld.d" -MT"src/helloworld.o" -o "src/helloworld.o" "../src/helloworld.c"
../src/helloworld.c: In function 'main':
../src/helloworld.c:177:10: warning: variable 'Told' set but not used [-Wunused-but-set-variable]
      int Told[CONSTANT_N];
          ^~~~
Finished building: ../src/helloworld.c
 
Building target: microblaze.elf
Invoking: MicroBlaze gcc linker
mb-gcc -Wl,-T -Wl,../src/lscript.ld -L../../microblaze_bsp/microblaze_0/lib -mlittle-endian -mcpu=v10.0 -mxl-soft-mul -Wl,--no-relax -Wl,--gc-sections -o "microblaze.elf"  ./src/helloworld.o ./src/platform.o   -Wl,--start-group,-lxil,-lgcc,-lc,--end-group
Finished building target: microblaze.elf
 
Invoking: MicroBlaze Print Size
mb-size microblaze.elf  |tee "microblaze.elf.size"
   text	   data	    bss	    dec	    hex	filename
   9292	    312	   3108	  12712	   31a8	microblaze.elf
Finished building: microblaze.elf.size
 
02:12:07 **** Auto Build of configuration Debug for project microblaze ****
make all 
Building file: ../src/helloworld.c
Invoking: MicroBlaze gcc compiler
mb-gcc -Wall -O0 -g3 -c -fmessage-length=0 -MT"src/helloworld.o" -I../../microblaze_bsp/microblaze_0/include -mlittle-endian -mcpu=v10.0 -mxl-soft-mul -Wl,--no-relax -ffunction-sections -fdata-sections -MMD -MP -MF"src/helloworld.d" -MT"src/helloworld.o" -o "src/helloworld.o" "../src/helloworld.c"
Finished building: ../src/helloworld.c
 
Building target: microblaze.elf
Invoking: MicroBlaze gcc linker
mb-gcc -Wl,-T -Wl,../src/lscript.ld -L../../microblaze_bsp/microblaze_0/lib -mlittle-endian -mcpu=v10.0 -mxl-soft-mul -Wl,--no-relax -Wl,--gc-sections -o "microblaze.elf"  ./src/helloworld.o ./src/platform.o   -Wl,--start-group,-lxil,-lgcc,-lc,--end-group
Finished building target: microblaze.elf
 
Invoking: MicroBlaze Print Size
mb-size microblaze.elf  |tee "microblaze.elf.size"
   text	   data	    bss	    dec	    hex	filename
   9292	    312	   3108	  12712	   31a8	microblaze.elf
Finished building: microblaze.elf.size
 
02:12:28 **** Auto Build of configuration Debug for project microblaze ****
make all 
Building file: ../src/helloworld.c
Invoking: MicroBlaze gcc compiler
mb-gcc -Wall -O0 -g3 -c -fmessage-length=0 -MT"src/helloworld.o" -I../../microblaze_bsp/microblaze_0/include -mlittle-endian -mcpu=v10.0 -mxl-soft-mul -Wl,--no-relax -ffunction-sections -fdata-sections -MMD -MP -MF"src/helloworld.d" -MT"src/helloworld.o" -o "src/helloworld.o" "../src/helloworld.c"
Finished building: ../src/helloworld.c
 
Building target: microblaze.elf
Invoking: MicroBlaze gcc linker
mb-gcc -Wl,-T -Wl,../src/lscript.ld -L../../microblaze_bsp/microblaze_0/lib -mlittle-endian -mcpu=v10.0 -mxl-soft-mul -Wl,--no-relax -Wl,--gc-sections -o "microblaze.elf"  ./src/helloworld.o ./src/platform.o   -Wl,--start-group,-lxil,-lgcc,-lc,--end-group
Finished building target: microblaze.elf
 
Invoking: MicroBlaze Print Size
mb-size microblaze.elf  |tee "microblaze.elf.size"
   text	   data	    bss	    dec	    hex	filename
   9292	    312	   3108	  12712	   31a8	microblaze.elf
Finished building: microblaze.elf.size
 
02:12:30 **** Auto Build of configuration Debug for project microblaze ****
make all 
Building file: ../src/helloworld.c
Invoking: MicroBlaze gcc compiler
mb-gcc -Wall -O0 -g3 -c -fmessage-length=0 -MT"src/helloworld.o" -I../../microblaze_bsp/microblaze_0/include -mlittle-endian -mcpu=v10.0 -mxl-soft-mul -Wl,--no-relax -ffunction-sections -fdata-sections -MMD -MP -MF"src/helloworld.d" -MT"src/helloworld.o" -o "src/helloworld.o" "../src/helloworld.c"
Finished building: ../src/helloworld.c
 
Building target: microblaze.elf
Invoking: MicroBlaze gcc linker
mb-gcc -Wl,-T -Wl,../src/lscript.ld -L../../microblaze_bsp/microblaze_0/lib -mlittle-endian -mcpu=v10.0 -mxl-soft-mul -Wl,--no-relax -Wl,--gc-sections -o "microblaze.elf"  ./src/helloworld.o ./src/platform.o   -Wl,--start-group,-lxil,-lgcc,-lc,--end-group
Finished building target: microblaze.elf
 
Invoking: MicroBlaze Print Size
mb-size microblaze.elf  |tee "microblaze.elf.size"
   text	   data	    bss	    dec	    hex	filename
   9292	    312	   3108	  12712	   31a8	microblaze.elf
Finished building: microblaze.elf.size
 
02:12:39 **** Auto Build of configuration Debug for project microblaze ****
make all 
Building file: ../src/helloworld.c
Invoking: MicroBlaze gcc compiler
mb-gcc -Wall -O0 -g3 -c -fmessage-length=0 -MT"src/helloworld.o" -I../../microblaze_bsp/microblaze_0/include -mlittle-endian -mcpu=v10.0 -mxl-soft-mul -Wl,--no-relax -ffunction-sections -fdata-sections -MMD -MP -MF"src/helloworld.d" -MT"src/helloworld.o" -o "src/helloworld.o" "../src/helloworld.c"
../src/helloworld.c: In function 'main':
../src/helloworld.c:182:6: error: expected ';' before '}' token
      }
      ^
make: *** [src/subdir.mk:26: src/helloworld.o] Error 1
02:12:44 **** Auto Build of configuration Debug for project microblaze ****
make all 
Building file: ../src/helloworld.c
Invoking: MicroBlaze gcc compiler
mb-gcc -Wall -O0 -g3 -c -fmessage-length=0 -MT"src/helloworld.o" -I../../microblaze_bsp/microblaze_0/include -mlittle-endian -mcpu=v10.0 -mxl-soft-mul -Wl,--no-relax -ffunction-sections -fdata-sections -MMD -MP -MF"src/helloworld.d" -MT"src/helloworld.o" -o "src/helloworld.o" "../src/helloworld.c"
../src/helloworld.c: In function 'main':
../src/helloworld.c:182:6: error: expected ';' before '}' token
      }
      ^
make: *** [src/subdir.mk:26: src/helloworld.o] Error 1
02:12:48 **** Auto Build of configuration Debug for project microblaze ****
make all 
Building file: ../src/helloworld.c
Invoking: MicroBlaze gcc compiler
mb-gcc -Wall -O0 -g3 -c -fmessage-length=0 -MT"src/helloworld.o" -I../../microblaze_bsp/microblaze_0/include -mlittle-endian -mcpu=v10.0 -mxl-soft-mul -Wl,--no-relax -ffunction-sections -fdata-sections -MMD -MP -MF"src/helloworld.d" -MT"src/helloworld.o" -o "src/helloworld.o" "../src/helloworld.c"
Finished building: ../src/helloworld.c
 
Building target: microblaze.elf
Invoking: MicroBlaze gcc linker
mb-gcc -Wl,-T -Wl,../src/lscript.ld -L../../microblaze_bsp/microblaze_0/lib -mlittle-endian -mcpu=v10.0 -mxl-soft-mul -Wl,--no-relax -Wl,--gc-sections -o "microblaze.elf"  ./src/helloworld.o ./src/platform.o   -Wl,--start-group,-lxil,-lgcc,-lc,--end-group
Finished building target: microblaze.elf
 
Invoking: MicroBlaze Print Size
mb-size microblaze.elf  |tee "microblaze.elf.size"
   text	   data	    bss	    dec	    hex	filename
   9256	    312	   3104	  12672	   3180	microblaze.elf
Finished building: microblaze.elf.size
 
02:12:57 **** Auto Build of configuration Debug for project microblaze ****
make all 
Building file: ../src/helloworld.c
Invoking: MicroBlaze gcc compiler
mb-gcc -Wall -O0 -g3 -c -fmessage-length=0 -MT"src/helloworld.o" -I../../microblaze_bsp/microblaze_0/include -mlittle-endian -mcpu=v10.0 -mxl-soft-mul -Wl,--no-relax -ffunction-sections -fdata-sections -MMD -MP -MF"src/helloworld.d" -MT"src/helloworld.o" -o "src/helloworld.o" "../src/helloworld.c"
Finished building: ../src/helloworld.c
 
Building target: microblaze.elf
Invoking: MicroBlaze gcc linker
mb-gcc -Wl,-T -Wl,../src/lscript.ld -L../../microblaze_bsp/microblaze_0/lib -mlittle-endian -mcpu=v10.0 -mxl-soft-mul -Wl,--no-relax -Wl,--gc-sections -o "microblaze.elf"  ./src/helloworld.o ./src/platform.o   -Wl,--start-group,-lxil,-lgcc,-lc,--end-group
Finished building target: microblaze.elf
 
Invoking: MicroBlaze Print Size
mb-size microblaze.elf  |tee "microblaze.elf.size"
   text	   data	    bss	    dec	    hex	filename
   9256	    312	   3104	  12672	   3180	microblaze.elf
Finished building: microblaze.elf.size
 
02:13:08 **** Incremental Build of configuration Debug for project microblaze ****
make all 
make: Nothing to be done for 'all'.
02:13:21 **** Incremental Build of configuration Debug for project microblaze ****
make all 
make: Nothing to be done for 'all'.
02:13:53 **** Auto Build of configuration Debug for project microblaze ****
make all 
Building file: ../src/helloworld.c
Invoking: MicroBlaze gcc compiler
mb-gcc -Wall -O0 -g3 -c -fmessage-length=0 -MT"src/helloworld.o" -I../../microblaze_bsp/microblaze_0/include -mlittle-endian -mcpu=v10.0 -mxl-soft-mul -Wl,--no-relax -ffunction-sections -fdata-sections -MMD -MP -MF"src/helloworld.d" -MT"src/helloworld.o" -o "src/helloworld.o" "../src/helloworld.c"
Finished building: ../src/helloworld.c
 
Building target: microblaze.elf
Invoking: MicroBlaze gcc linker
mb-gcc -Wl,-T -Wl,../src/lscript.ld -L../../microblaze_bsp/microblaze_0/lib -mlittle-endian -mcpu=v10.0 -mxl-soft-mul -Wl,--no-relax -Wl,--gc-sections -o "microblaze.elf"  ./src/helloworld.o ./src/platform.o   -Wl,--start-group,-lxil,-lgcc,-lc,--end-group
Finished building target: microblaze.elf
 
Invoking: MicroBlaze Print Size
mb-size microblaze.elf  |tee "microblaze.elf.size"
   text	   data	    bss	    dec	    hex	filename
   9244	    312	   3108	  12664	   3178	microblaze.elf
Finished building: microblaze.elf.size
 
02:14:37 **** Incremental Build of configuration Debug for project microblaze ****
make all 
make: Nothing to be done for 'all'.
02:14:45 **** Incremental Build of configuration Debug for project microblaze ****
make all 
make: Nothing to be done for 'all'.
02:15:29 **** Auto Build of configuration Debug for project microblaze ****
make all 
Building file: ../src/helloworld.c
Invoking: MicroBlaze gcc compiler
mb-gcc -Wall -O0 -g3 -c -fmessage-length=0 -MT"src/helloworld.o" -I../../microblaze_bsp/microblaze_0/include -mlittle-endian -mcpu=v10.0 -mxl-soft-mul -Wl,--no-relax -ffunction-sections -fdata-sections -MMD -MP -MF"src/helloworld.d" -MT"src/helloworld.o" -o "src/helloworld.o" "../src/helloworld.c"
Finished building: ../src/helloworld.c
 
Building target: microblaze.elf
Invoking: MicroBlaze gcc linker
mb-gcc -Wl,-T -Wl,../src/lscript.ld -L../../microblaze_bsp/microblaze_0/lib -mlittle-endian -mcpu=v10.0 -mxl-soft-mul -Wl,--no-relax -Wl,--gc-sections -o "microblaze.elf"  ./src/helloworld.o ./src/platform.o   -Wl,--start-group,-lxil,-lgcc,-lc,--end-group
Finished building target: microblaze.elf
 
Invoking: MicroBlaze Print Size
mb-size microblaze.elf  |tee "microblaze.elf.size"
   text	   data	    bss	    dec	    hex	filename
   9244	    312	   3108	  12664	   3178	microblaze.elf
Finished building: microblaze.elf.size
 
02:15:32 **** Auto Build of configuration Debug for project microblaze ****
make all 
Building file: ../src/helloworld.c
Invoking: MicroBlaze gcc compiler
mb-gcc -Wall -O0 -g3 -c -fmessage-length=0 -MT"src/helloworld.o" -I../../microblaze_bsp/microblaze_0/include -mlittle-endian -mcpu=v10.0 -mxl-soft-mul -Wl,--no-relax -ffunction-sections -fdata-sections -MMD -MP -MF"src/helloworld.d" -MT"src/helloworld.o" -o "src/helloworld.o" "../src/helloworld.c"
Finished building: ../src/helloworld.c
 
Building target: microblaze.elf
Invoking: MicroBlaze gcc linker
mb-gcc -Wl,-T -Wl,../src/lscript.ld -L../../microblaze_bsp/microblaze_0/lib -mlittle-endian -mcpu=v10.0 -mxl-soft-mul -Wl,--no-relax -Wl,--gc-sections -o "microblaze.elf"  ./src/helloworld.o ./src/platform.o   -Wl,--start-group,-lxil,-lgcc,-lc,--end-group
Finished building target: microblaze.elf
 
Invoking: MicroBlaze Print Size
mb-size microblaze.elf  |tee "microblaze.elf.size"
   text	   data	    bss	    dec	    hex	filename
   9244	    312	   3108	  12664	   3178	microblaze.elf
Finished building: microblaze.elf.size
 
02:15:34 **** Incremental Build of configuration Debug for project microblaze ****
make all 
make: Nothing to be done for 'all'.
02:15:41 **** Incremental Build of configuration Debug for project microblaze ****
make all 
make: Nothing to be done for 'all'.
02:17:05 **** Auto Build of configuration Debug for project microblaze ****
make all 
Building file: ../src/helloworld.c
Invoking: MicroBlaze gcc compiler
mb-gcc -Wall -O0 -g3 -c -fmessage-length=0 -MT"src/helloworld.o" -I../../microblaze_bsp/microblaze_0/include -mlittle-endian -mcpu=v10.0 -mxl-soft-mul -Wl,--no-relax -ffunction-sections -fdata-sections -MMD -MP -MF"src/helloworld.d" -MT"src/helloworld.o" -o "src/helloworld.o" "../src/helloworld.c"
Finished building: ../src/helloworld.c
 
Building target: microblaze.elf
Invoking: MicroBlaze gcc linker
mb-gcc -Wl,-T -Wl,../src/lscript.ld -L../../microblaze_bsp/microblaze_0/lib -mlittle-endian -mcpu=v10.0 -mxl-soft-mul -Wl,--no-relax -Wl,--gc-sections -o "microblaze.elf"  ./src/helloworld.o ./src/platform.o   -Wl,--start-group,-lxil,-lgcc,-lc,--end-group
Finished building target: microblaze.elf
 
Invoking: MicroBlaze Print Size
mb-size microblaze.elf  |tee "microblaze.elf.size"
   text	   data	    bss	    dec	    hex	filename
   9244	    312	   3108	  12664	   3178	microblaze.elf
Finished building: microblaze.elf.size
 
02:17:08 **** Incremental Build of configuration Debug for project microblaze ****
make all 
make: Nothing to be done for 'all'.
02:17:18 **** Incremental Build of configuration Debug for project microblaze ****
make all 
make: Nothing to be done for 'all'.
