#-----------------------------------------------------------
# Webtalk v2017.4 (64-bit)
# SW Build 2086221 on Fri Dec 15 20:54:30 MST 2017
# IP Build 2085800 on Fri Dec 15 22:25:07 MST 2017
# Start of session at: Thu Jul 12 11:57:02 2018
# Process ID: 6004
# Current directory: /home/fabio/Desktop/linreg/linreg.tmp/gradientdescent_v1_0_project/gradientdescent_v1_0_project.sim/sim_1/behav/xsim
# Command line: wbtcv -mode batch -source /home/fabio/Desktop/linreg/linreg.tmp/gradientdescent_v1_0_project/gradientdescent_v1_0_project.sim/sim_1/behav/xsim/xsim.dir/MiniBatchGradientDescentTest_behav/webtalk/xsim_webtalk.tcl -notrace
# Log file: /home/fabio/Desktop/linreg/linreg.tmp/gradientdescent_v1_0_project/gradientdescent_v1_0_project.sim/sim_1/behav/xsim/webtalk.log
# Journal file: /home/fabio/Desktop/linreg/linreg.tmp/gradientdescent_v1_0_project/gradientdescent_v1_0_project.sim/sim_1/behav/xsim/webtalk.jou
#-----------------------------------------------------------
source /home/fabio/Desktop/linreg/linreg.tmp/gradientdescent_v1_0_project/gradientdescent_v1_0_project.sim/sim_1/behav/xsim/xsim.dir/MiniBatchGradientDescentTest_behav/webtalk/xsim_webtalk.tcl -notrace
